Archive member included because of file (symbol)

contiki-z1.a(rimeaddr.o)      obj_z1/contiki-z1-main.o (rimeaddr_copy)
contiki-z1.a(csma.o)          obj_z1/contiki-z1-main.o (csma_driver)
contiki-z1.a(contikimac.o)    obj_z1/contiki-z1-main.o (contikimac_driver)
contiki-z1.a(phase.o)         contiki-z1.a(contikimac.o) (phase_update)
contiki-z1.a(process.o)       udp-seatoccp.co (process_current)
contiki-z1.a(autostart.o)     obj_z1/contiki-z1-main.o (autostart_start)
contiki-z1.a(memb.o)          contiki-z1.a(csma.o) (memb_init)
contiki-z1.a(timer.o)         contiki-z1.a(phase.o) (timer_set)
contiki-z1.a(list.o)          contiki-z1.a(csma.o) (list_init)
contiki-z1.a(etimer.o)        obj_z1/contiki-z1-main.o (etimer_process)
contiki-z1.a(ctimer.o)        obj_z1/contiki-z1-main.o (ctimer_init)
contiki-z1.a(energest.o)      obj_z1/contiki-z1-main.o (energest_init)
contiki-z1.a(rtimer.o)        obj_z1/contiki-z1-main.o (rtimer_init)
contiki-z1.a(random.o)        contiki-z1.a(csma.o) (random_rand)
contiki-z1.a(nbr-table.o)     contiki-z1.a(phase.o) (nbr_table_register)
contiki-z1.a(packetbuf.o)     contiki-z1.a(contikimac.o) (packetbuf_hdr_remove)
contiki-z1.a(queuebuf.o)      obj_z1/contiki-z1-main.o (queuebuf_init)
contiki-z1.a(sicslowpan.o)    obj_z1/contiki-z1-main.o (sicslowpan_driver)
contiki-z1.a(tcpip.o)         contiki-z1.a(sicslowpan.o) (tcpip_set_outputfunc)
contiki-z1.a(uip-debug.o)     udp-seatoccp.co (uip_debug_ipaddr_print)
contiki-z1.a(uip-ds6-route.o)
                              contiki-z1.a(tcpip.o) (uip_ds6_route_nexthop)
contiki-z1.a(uip-ds6-nbr.o)   contiki-z1.a(tcpip.o) (uip_ds6_nbr_add)
contiki-z1.a(uip-ds6.o)       contiki-z1.a(tcpip.o) (uip_ds6_is_addr_onlink)
contiki-z1.a(uip-nd6.o)       contiki-z1.a(tcpip.o) (uip_nd6_ns_output)
contiki-z1.a(uip-udp-packet.)
                              udp-seatoccp.co (uip_udp_packet_sendto)
contiki-z1.a(uip6.o)          contiki-z1.a(sicslowpan.o) (uip_aligned_buf)
contiki-z1.a(contiki-z1-plat)
                              obj_z1/contiki-z1-main.o (init_platform)
contiki-z1.a(msp430.o)        obj_z1/contiki-z1-main.o (msp430_cpu_init)
contiki-z1.a(leds.o)          obj_z1/contiki-z1-main.o (leds_init)
contiki-z1.a(watchdog.o)      obj_z1/contiki-z1-main.o (watchdog_start)
contiki-z1.a(xmem.o)          obj_z1/contiki-z1-main.o (xmem_init)
contiki-z1.a(spi.o)           contiki-z1.a(xmem.o) (spi_init)
contiki-z1.a(cc2420.o)        obj_z1/contiki-z1-main.o (cc2420_set_channel)
contiki-z1.a(cc2420-arch.o)   contiki-z1.a(cc2420.o) (cc2420_arch_init)
contiki-z1.a(node-id.o)       obj_z1/contiki-z1-main.o (node_id_restore)
contiki-z1.a(sensors.o)       contiki-z1.a(contiki-z1-plat) (sensors_process)
contiki-z1.a(button-sensor.o)
                              obj_z1/contiki-z1-main.o (button_sensor)
contiki-z1.a(uart0.o)         obj_z1/contiki-z1-main.o (uart0_active)
contiki-z1.a(uart0-putchar.o)
                              udp-seatoccp.co (putchar)
contiki-z1.a(adxl345.o)       obj_z1/contiki-z1-main.o (accm_init)
contiki-z1.a(clock.o)         udp-seatoccp.co (clock_time)
contiki-z1.a(leds-arch.o)     contiki-z1.a(leds.o) (leds_arch_init)
contiki-z1.a(rtimer-arch.o)   contiki-z1.a(rtimer.o) (rtimer_arch_init)
contiki-z1.a(mac.o)           contiki-z1.a(csma.o) (mac_call_sent_callback)
contiki-z1.a(framer-802154.o)
                              contiki-z1.a(contikimac.o) (framer_802154)
contiki-z1.a(rpl.o)           contiki-z1.a(uip-ds6-nbr.o) (rpl_link_neighbor_callback)
contiki-z1.a(rpl-dag.o)       contiki-z1.a(rpl.o) (rpl_dag_init)
contiki-z1.a(rpl-icmp6.o)     contiki-z1.a(rpl.o) (dao_output_target)
contiki-z1.a(rpl-timers.o)    contiki-z1.a(rpl.o) (rpl_reset_periodic_timer)
contiki-z1.a(rpl-mrhof.o)     contiki-z1.a(rpl-dag.o) (rpl_mrhof)
contiki-z1.a(rpl-ext-header.)
                              contiki-z1.a(uip6.o) (rpl_verify_header)
contiki-z1.a(stimer.o)        contiki-z1.a(tcpip.o) (stimer_set)
contiki-z1.a(uip-icmp6.o)     contiki-z1.a(uip6.o) (uip_icmp6_echo_request_input)
contiki-z1.a(i2cmaster.o)     contiki-z1.a(adxl345.o) (i2c_receiveinit)
contiki-z1.a(frame802154.o)   contiki-z1.a(framer-802154.o) (frame802154_hdrlen)
/usr/lib/gcc/msp430/4.5.3/mcpu-430x/mmpy-16/libgcc.a(_mulsi3.o)
                              contiki-z1.a(csma.o) (__mulsi3)
/usr/lib/gcc/msp430/4.5.3/mcpu-430x/mmpy-16/libgcc.a(_udivmodhi4.o)
                              contiki-z1.a(phase.o) (__udivmodhi4)
/usr/lib/gcc/msp430/4.5.3/mcpu-430x/mmpy-16/libgcc.a(_divmodhi4.o)
                              contiki-z1.a(nbr-table.o) (__divmodhi4)
/usr/lib/gcc/msp430/4.5.3/mcpu-430x/mmpy-16/libgcc.a(_udivmodsi4.o)
                              udp-seatoccp.co (__udivmodsi4)
/usr/lib/gcc/msp430/4.5.3/../../../../msp430/lib/mcpu-430x/mmpy-16/libc.a(strncmp.o)
                              contiki-z1.a(sensors.o) (strncmp)
/usr/lib/gcc/msp430/4.5.3/../../../../msp430/lib/mcpu-430x/mmpy-16/libc.a(memcmp.o)
                              contiki-z1.a(rimeaddr.o) (memcmp)
/usr/lib/gcc/msp430/4.5.3/../../../../msp430/lib/mcpu-430x/mmpy-16/libc.a(memcpy.o)
                              obj_z1/contiki-z1-main.o (memcpy)
/usr/lib/gcc/msp430/4.5.3/../../../../msp430/lib/mcpu-430x/mmpy-16/libc.a(memmove.o)
                              contiki-z1.a(sicslowpan.o) (memmove)
/usr/lib/gcc/msp430/4.5.3/../../../../msp430/lib/mcpu-430x/mmpy-16/libc.a(memset.o)
                              obj_z1/contiki-z1-main.o (memset)
/usr/lib/gcc/msp430/4.5.3/../../../../msp430/lib/mcpu-430x/mmpy-16/libc.a(printf.o)
                              udp-seatoccp.co (printf)
/usr/lib/gcc/msp430/4.5.3/../../../../msp430/lib/mcpu-430x/mmpy-16/libc.a(sprintf.o)
                              udp-seatoccp.co (sprintf)
/usr/lib/gcc/msp430/4.5.3/../../../../msp430/lib/mcpu-430x/mmpy-16/libc.a(vuprintf.o)
                              /usr/lib/gcc/msp430/4.5.3/../../../../msp430/lib/mcpu-430x/mmpy-16/libc.a(printf.o) (vuprintf)
/usr/lib/gcc/msp430/4.5.3/../../../../msp430/lib/mcpu-430x/mmpy-16/libc.a(puts.o)
                              udp-seatoccp.co (puts)
/usr/lib/gcc/msp430/4.5.3/../../../../msp430/lib/mcpu-430x/mmpy-16/libc.a(rand.o)
                              contiki-z1.a(random.o) (rand)
/usr/lib/gcc/msp430/4.5.3/mcpu-430x/mmpy-16/libcrt0.a(_reset_vector__.o)
                              /usr/lib/gcc/msp430/4.5.3/mcpu-430x/mmpy-16/crt0ivtbl32.o (_reset_vector__)
/usr/lib/gcc/msp430/4.5.3/mcpu-430x/mmpy-16/libcrt0.a(__init_stack.o)
                              /usr/lib/gcc/msp430/4.5.3/mcpu-430x/mmpy-16/libcrt0.a(_reset_vector__.o) (__init_stack)
/usr/lib/gcc/msp430/4.5.3/mcpu-430x/mmpy-16/libcrt0.a(__low_level_init.o)
                              /usr/lib/gcc/msp430/4.5.3/mcpu-430x/mmpy-16/libcrt0.a(_reset_vector__.o) (__low_level_init)
/usr/lib/gcc/msp430/4.5.3/mcpu-430x/mmpy-16/libcrt0.a(_copy_data.o)
                              /usr/lib/gcc/msp430/4.5.3/mcpu-430x/mmpy-16/libcrt0.a(_reset_vector__.o) (__do_copy_data)
/usr/lib/gcc/msp430/4.5.3/mcpu-430x/mmpy-16/libcrt0.a(_clear_bss.o)
                              /usr/lib/gcc/msp430/4.5.3/mcpu-430x/mmpy-16/libcrt0.a(_reset_vector__.o) (__do_clear_bss)
/usr/lib/gcc/msp430/4.5.3/mcpu-430x/mmpy-16/libcrt0.a(__stop_progExec__.o)
                              /usr/lib/gcc/msp430/4.5.3/mcpu-430x/mmpy-16/libcrt0.a(_reset_vector__.o) (__stop_progExec__)
/usr/lib/gcc/msp430/4.5.3/mcpu-430x/mmpy-16/libcrt0.a(_endless_loop__.o)
                              /usr/lib/gcc/msp430/4.5.3/mcpu-430x/mmpy-16/libcrt0.a(_reset_vector__.o) (_endless_loop__)
/usr/lib/gcc/msp430/4.5.3/mcpu-430x/mmpy-16/libcrt0.a(_unexpected_.o)
                              /usr/lib/gcc/msp430/4.5.3/mcpu-430x/mmpy-16/crt0ivtbl32.o (_unexpected_)

Allocating common symbols
Common symbol       size              file

t                   0x2               udp-seatoccp.co
energest_total_time
                    0x30              contiki-z1.a(energest.o)
uip_ds6_timer_ra    0x8               contiki-z1.a(uip-ds6.o)
cc2420_last_rssi    0x1               contiki-z1.a(cc2420.o)
accm_int2_cb        0x2               contiki-z1.a(adxl345.o)
uip_ds6_if          0xec              contiki-z1.a(uip-ds6.o)
cc2420_packets_read
                    0x2               contiki-z1.a(cc2420.o)
uip_ds6_netif_addr_list_offset
                    0x1               contiki-z1.a(uip-ds6.o)
uip_len             0x2               contiki-z1.a(uip6.o)
cc2420_packets_seen
                    0x2               contiki-z1.a(cc2420.o)
energest_total_count
                    0x2               contiki-z1.a(energest.o)
cc2420_sfd_start_time
                    0x2               contiki-z1.a(cc2420.o)
cc2420_time_of_departure
                    0x2               contiki-z1.a(cc2420.o)
cc2420_time_of_arrival
                    0x2               contiki-z1.a(cc2420.o)
uip_ds6_addr_size   0x1               contiki-z1.a(uip-ds6.o)
uip_sappdata        0x2               contiki-z1.a(uip6.o)
energest_current_mode
                    0xc               contiki-z1.a(energest.o)
packetbuf_addrs     0x20              contiki-z1.a(packetbuf.o)
uip_acc32           0x4               contiki-z1.a(uip6.o)
uip_ds6_prefix_list
                    0x5a              contiki-z1.a(uip-ds6.o)
rimeaddr_node_addr  0x8               contiki-z1.a(rimeaddr.o)
process_maxevents   0x1               contiki-z1.a(process.o)
frag_sender         0x8               contiki-z1.a(sicslowpan.o)
trig                0x2               udp-seatoccp.co
transmit_data1      0x1               contiki-z1.a(i2cmaster.o)
uip_lladdr          0x8               contiki-z1.a(uip6.o)
rx_byte_ctr         0x1               contiki-z1.a(i2cmaster.o)
uip_aligned_buf     0x8c              contiki-z1.a(uip6.o)
uip_flags           0x1               contiki-z1.a(uip6.o)
int2_event          0x1               contiki-z1.a(adxl345.o)
uip_ds6_timer_periodic
                    0xc               contiki-z1.a(uip-ds6.o)
tx_buf_ptr          0x2               contiki-z1.a(i2cmaster.o)
tx_byte_ctr         0x1               contiki-z1.a(i2cmaster.o)
uip_next_hdr        0x2               contiki-z1.a(uip6.o)
cc2420_last_correlation
                    0x1               contiki-z1.a(cc2420.o)
default_instance    0x2               contiki-z1.a(rpl-dag.o)
accm_int1_cb        0x2               contiki-z1.a(adxl345.o)
cc2420_authority_level_of_sender
                    0x2               contiki-z1.a(cc2420.o)
uip_udp_conn        0x2               contiki-z1.a(uip6.o)
kitchen_door        0x2               udp-seatoccp.co
i                   0x2               udp-seatoccp.co
packetbuf_attrs     0x30              contiki-z1.a(packetbuf.o)
receive_data        0x1               contiki-z1.a(i2cmaster.o)
cc2420_sfd_counter  0x1               contiki-z1.a(cc2420.o)
lab_door            0x2               udp-seatoccp.co
instance_table      0xbc              contiki-z1.a(rpl-dag.o)
uip_appdata         0x2               contiki-z1.a(uip6.o)
uip_conn            0x2               contiki-z1.a(uip6.o)
tcpip_event         0x1               contiki-z1.a(tcpip.o)
uip_conns           0xb0              contiki-z1.a(uip6.o)
rx_buf              0x2               contiki-z1.a(i2cmaster.o)
adc12_7_cb          0x2               udp-seatoccp.co
node_mac            0x8               contiki-z1.a(node-id.o)
uip_listenports     0x10              contiki-z1.a(uip6.o)
transmit_data2      0x1               contiki-z1.a(i2cmaster.o)
energest_current_time
                    0x18              contiki-z1.a(energest.o)
rx_buf_ptr          0x2               contiki-z1.a(i2cmaster.o)
sensors_flags       0x2               obj_z1/contiki-z1-main.o
motion              0x2               udp-seatoccp.co
int1_event          0x1               contiki-z1.a(adxl345.o)
cc2420_sfd_end_time
                    0x2               contiki-z1.a(cc2420.o)
sensors_event       0x1               contiki-z1.a(sensors.o)
uip_slen            0x2               contiki-z1.a(uip6.o)
uip_udp_conns       0x138             contiki-z1.a(uip6.o)

Memory Configuration

Name             Origin             Length             Attributes
sfr              0x00000000         0x00000010
peripheral_8bit  0x00000010         0x000000f0
peripheral_16bit 0x00000100         0x00000100
infomem          0x00001000         0x00000100
infod            0x00001000         0x00000040
infoc            0x00001040         0x00000040
infob            0x00001080         0x00000040
infoa            0x000010c0         0x00000040
ram              0x00001100         0x00002000         xw
rom              0x00003100         0x0000cebe         xr
vectors          0x0000ffc0         0x00000040
far_rom          0x00010000         0x0000a000
bsl              0x00000000         0x00000000
*default*        0x00000000         0xffffffff

Linker script and memory map

LOAD /usr/lib/gcc/msp430/4.5.3/mcpu-430x/mmpy-16/crt0ivtbl32.o
                0x00000041                __P1SEL2 = 0x41
                0x00000045                __P5SEL2 = 0x45
LOAD udp-seatoccp.co
LOAD obj_z1/contiki-z1-main.o
LOAD contiki-z1.a
LOAD /usr/lib/gcc/msp430/4.5.3/mcpu-430x/mmpy-16/libgcc.a
LOAD /usr/lib/gcc/msp430/4.5.3/../../../../msp430/lib/mcpu-430x/mmpy-16/libc.a
LOAD /usr/lib/gcc/msp430/4.5.3/mcpu-430x/mmpy-16/libgcc.a
LOAD /usr/lib/gcc/msp430/4.5.3/mcpu-430x/mmpy-16/libcrt0.a
                0x00000000                __IE1 = 0x0
                0x00000002                __IFG1 = 0x2
                0x00000001                __IE2 = 0x1
                0x00000003                __IFG2 = 0x3
                0x00000006                __UC1IE = 0x6
                0x00000007                __UC1IFG = 0x7
                0x000001a0                __ADC12CTL0 = 0x1a0
                0x000001a2                __ADC12CTL1 = 0x1a2
                0x000001a4                __ADC12IFG = 0x1a4
                0x000001a6                __ADC12IE = 0x1a6
                0x000001a8                __ADC12IV = 0x1a8
                0x00000140                __ADC12MEM0 = 0x140
                0x00000142                __ADC12MEM1 = 0x142
                0x00000144                __ADC12MEM2 = 0x144
                0x00000146                __ADC12MEM3 = 0x146
                0x00000148                __ADC12MEM4 = 0x148
                0x0000014a                __ADC12MEM5 = 0x14a
                0x0000014c                __ADC12MEM6 = 0x14c
                0x0000014e                __ADC12MEM7 = 0x14e
                0x00000150                __ADC12MEM8 = 0x150
                0x00000152                __ADC12MEM9 = 0x152
                0x00000154                __ADC12MEM10 = 0x154
                0x00000156                __ADC12MEM11 = 0x156
                0x00000158                __ADC12MEM12 = 0x158
                0x0000015a                __ADC12MEM13 = 0x15a
                0x0000015c                __ADC12MEM14 = 0x15c
                0x0000015e                __ADC12MEM15 = 0x15e
                0x00000080                __ADC12MCTL0 = 0x80
                0x00000081                __ADC12MCTL1 = 0x81
                0x00000082                __ADC12MCTL2 = 0x82
                0x00000083                __ADC12MCTL3 = 0x83
                0x00000084                __ADC12MCTL4 = 0x84
                0x00000085                __ADC12MCTL5 = 0x85
                0x00000086                __ADC12MCTL6 = 0x86
                0x00000087                __ADC12MCTL7 = 0x87
                0x00000088                __ADC12MCTL8 = 0x88
                0x00000089                __ADC12MCTL9 = 0x89
                0x0000008a                __ADC12MCTL10 = 0x8a
                0x0000008b                __ADC12MCTL11 = 0x8b
                0x0000008c                __ADC12MCTL12 = 0x8c
                0x0000008d                __ADC12MCTL13 = 0x8d
                0x0000008e                __ADC12MCTL14 = 0x8e
                0x0000008f                __ADC12MCTL15 = 0x8f
                0x00000056                __DCOCTL = 0x56
                0x00000057                __BCSCTL1 = 0x57
                0x00000058                __BCSCTL2 = 0x58
                0x00000053                __BCSCTL3 = 0x53
                0x00000059                __CACTL1 = 0x59
                0x0000005a                __CACTL2 = 0x5a
                0x0000005b                __CAPD = 0x5b
                0x000001c0                __DAC12_0CTL = 0x1c0
                0x000001c2                __DAC12_1CTL = 0x1c2
                0x000001c8                __DAC12_0DAT = 0x1c8
                0x000001ca                __DAC12_1DAT = 0x1ca
                0x00000122                __DMACTL0 = 0x122
                0x00000124                __DMACTL1 = 0x124
                0x00000126                __DMAIV = 0x126
                0x000001d0                __DMA0CTL = 0x1d0
                0x000001dc                __DMA1CTL = 0x1dc
                0x000001e8                __DMA2CTL = 0x1e8
                0x000001d2                __DMA0SA = 0x1d2
                0x000001d2                __DMA0SAL = 0x1d2
                0x000001d6                __DMA0DA = 0x1d6
                0x000001d6                __DMA0DAL = 0x1d6
                0x000001da                __DMA0SZ = 0x1da
                0x000001de                __DMA1SA = 0x1de
                0x000001de                __DMA1SAL = 0x1de
                0x000001e2                __DMA1DA = 0x1e2
                0x000001e2                __DMA1DAL = 0x1e2
                0x000001e6                __DMA1SZ = 0x1e6
                0x000001ea                __DMA2SA = 0x1ea
                0x000001ea                __DMA2SAL = 0x1ea
                0x000001ee                __DMA2DA = 0x1ee
                0x000001ee                __DMA2DAL = 0x1ee
                0x000001f2                __DMA2SZ = 0x1f2
                0x00000128                __FCTL1 = 0x128
                0x0000012a                __FCTL2 = 0x12a
                0x0000012c                __FCTL3 = 0x12c
                0x000001be                __FCTL4 = 0x1be
                0x00000130                __MPY = 0x130
                0x00000132                __MPYS = 0x132
                0x00000134                __MAC = 0x134
                0x00000136                __MACS = 0x136
                0x00000138                __OP2 = 0x138
                0x0000013a                __RESLO = 0x13a
                0x0000013c                __RESHI = 0x13c
                0x0000013e                __SUMEXT = 0x13e
                0x00000020                __P1IN = 0x20
                0x00000021                __P1OUT = 0x21
                0x00000022                __P1DIR = 0x22
                0x00000023                __P1IFG = 0x23
                0x00000024                __P1IES = 0x24
                0x00000025                __P1IE = 0x25
                0x00000026                __P1SEL = 0x26
                0x00000027                __P1REN = 0x27
                0x00000028                __P2IN = 0x28
                0x00000029                __P2OUT = 0x29
                0x0000002a                __P2DIR = 0x2a
                0x0000002b                __P2IFG = 0x2b
                0x0000002c                __P2IES = 0x2c
                0x0000002d                __P2IE = 0x2d
                0x0000002e                __P2SEL = 0x2e
                0x0000002f                __P2REN = 0x2f
                0x00000018                __P3IN = 0x18
                0x00000019                __P3OUT = 0x19
                0x0000001a                __P3DIR = 0x1a
                0x0000001b                __P3SEL = 0x1b
                0x00000010                __P3REN = 0x10
                0x0000001c                __P4IN = 0x1c
                0x0000001d                __P4OUT = 0x1d
                0x0000001e                __P4DIR = 0x1e
                0x0000001f                __P4SEL = 0x1f
                0x00000011                __P4REN = 0x11
                0x00000030                __P5IN = 0x30
                0x00000031                __P5OUT = 0x31
                0x00000032                __P5DIR = 0x32
                0x00000033                __P5SEL = 0x33
                0x00000012                __P5REN = 0x12
                0x00000034                __P6IN = 0x34
                0x00000035                __P6OUT = 0x35
                0x00000036                __P6DIR = 0x36
                0x00000037                __P6SEL = 0x37
                0x00000013                __P6REN = 0x13
                0x00000038                __P7IN = 0x38
                0x0000003a                __P7OUT = 0x3a
                0x0000003c                __P7DIR = 0x3c
                0x0000003e                __P7SEL = 0x3e
                0x00000014                __P7REN = 0x14
                0x00000039                __P8IN = 0x39
                0x0000003b                __P8OUT = 0x3b
                0x0000003d                __P8DIR = 0x3d
                0x0000003f                __P8SEL = 0x3f
                0x00000015                __P8REN = 0x15
                0x00000038                __PAIN = 0x38
                0x0000003a                __PAOUT = 0x3a
                0x0000003c                __PADIR = 0x3c
                0x0000003e                __PASEL = 0x3e
                0x00000014                __PAREN = 0x14
                0x00000055                __SVSCTL = 0x55
                0x0000012e                __TAIV = 0x12e
                0x00000160                __TACTL = 0x160
                0x00000162                __TACCTL0 = 0x162
                0x00000164                __TACCTL1 = 0x164
                0x00000166                __TACCTL2 = 0x166
                0x00000170                __TAR = 0x170
                0x00000172                __TACCR0 = 0x172
                0x00000174                __TACCR1 = 0x174
                0x00000176                __TACCR2 = 0x176
                0x0000011e                __TBIV = 0x11e
                0x00000180                __TBCTL = 0x180
                0x00000182                __TBCCTL0 = 0x182
                0x00000184                __TBCCTL1 = 0x184
                0x00000186                __TBCCTL2 = 0x186
                0x00000188                __TBCCTL3 = 0x188
                0x0000018a                __TBCCTL4 = 0x18a
                0x0000018c                __TBCCTL5 = 0x18c
                0x0000018e                __TBCCTL6 = 0x18e
                0x00000190                __TBR = 0x190
                0x00000192                __TBCCR0 = 0x192
                0x00000194                __TBCCR1 = 0x194
                0x00000196                __TBCCR2 = 0x196
                0x00000198                __TBCCR3 = 0x198
                0x0000019a                __TBCCR4 = 0x19a
                0x0000019c                __TBCCR5 = 0x19c
                0x0000019e                __TBCCR6 = 0x19e
                0x00000060                __UCA0CTL0 = 0x60
                0x00000061                __UCA0CTL1 = 0x61
                0x00000062                __UCA0BR0 = 0x62
                0x00000063                __UCA0BR1 = 0x63
                0x00000064                __UCA0MCTL = 0x64
                0x00000065                __UCA0STAT = 0x65
                0x00000066                __UCA0RXBUF = 0x66
                0x00000067                __UCA0TXBUF = 0x67
                0x0000005d                __UCA0ABCTL = 0x5d
                0x0000005e                __UCA0IRTCTL = 0x5e
                0x0000005f                __UCA0IRRCTL = 0x5f
                0x00000068                __UCB0CTL0 = 0x68
                0x00000069                __UCB0CTL1 = 0x69
                0x0000006a                __UCB0BR0 = 0x6a
                0x0000006b                __UCB0BR1 = 0x6b
                0x0000006c                __UCB0I2CIE = 0x6c
                0x0000006d                __UCB0STAT = 0x6d
                0x0000006e                __UCB0RXBUF = 0x6e
                0x0000006f                __UCB0TXBUF = 0x6f
                0x00000118                __UCB0I2COA = 0x118
                0x0000011a                __UCB0I2CSA = 0x11a
                0x000000d0                __UCA1CTL0 = 0xd0
                0x000000d1                __UCA1CTL1 = 0xd1
                0x000000d2                __UCA1BR0 = 0xd2
                0x000000d3                __UCA1BR1 = 0xd3
                0x000000d4                __UCA1MCTL = 0xd4
                0x000000d5                __UCA1STAT = 0xd5
                0x000000d6                __UCA1RXBUF = 0xd6
                0x000000d7                __UCA1TXBUF = 0xd7
                0x000000cd                __UCA1ABCTL = 0xcd
                0x000000ce                __UCA1IRTCTL = 0xce
                0x000000cf                __UCA1IRRCTL = 0xcf
                0x000000d8                __UCB1CTL0 = 0xd8
                0x000000d9                __UCB1CTL1 = 0xd9
                0x000000da                __UCB1BR0 = 0xda
                0x000000db                __UCB1BR1 = 0xdb
                0x000000dc                __UCB1I2CIE = 0xdc
                0x000000dd                __UCB1STAT = 0xdd
                0x000000de                __UCB1RXBUF = 0xde
                0x000000df                __UCB1TXBUF = 0xdf
                0x0000017c                __UCB1I2COA = 0x17c
                0x0000017e                __UCB1I2CSA = 0x17e
                0x00000120                __WDTCTL = 0x120
                0x000010c0                __TLV_CHECKSUM = 0x10c0
                0x000010f6                __TLV_DCO_30_TAG = 0x10f6
                0x000010f7                __TLV_DCO_30_LEN = 0x10f7
                0x000010da                __TLV_ADC12_1_TAG = 0x10da
                0x000010db                __TLV_ADC12_1_LEN = 0x10db
                0x000010f8                __CALDCO_16MHZ = 0x10f8
                0x000010f9                __CALBC1_16MHZ = 0x10f9
                0x000010fa                __CALDCO_12MHZ = 0x10fa
                0x000010fb                __CALBC1_12MHZ = 0x10fb
                0x000010fc                __CALDCO_8MHZ = 0x10fc
                0x000010fd                __CALBC1_8MHZ = 0x10fd
                0x000010fe                __CALDCO_1MHZ = 0x10fe
                0x000010ff                __CALBC1_1MHZ = 0x10ff

.hash
 *(.hash)

.dynsym
 *(.dynsym)

.dynstr
 *(.dynstr)

.gnu.version
 *(.gnu.version)

.gnu.version_d
 *(.gnu.version_d)

.gnu.version_r
 *(.gnu.version_r)

.rel.init
 *(.rel.init)

.rela.init
 *(.rela.init)

.rel.text
 *(.rel.text)
 *(.rel.text.*)
 *(.rel.gnu.linkonce.t*)

.rela.text
 *(.rela.text)
 *(.rela.text.*)
 *(.rela.gnu.linkonce.t*)

.rel.fini
 *(.rel.fini)

.rela.fini
 *(.rela.fini)

.rel.rodata
 *(.rel.rodata)
 *(.rel.rodata.*)
 *(.rel.gnu.linkonce.r*)

.rela.rodata
 *(.rela.rodata)
 *(.rela.rodata.*)
 *(.rela.gnu.linkonce.r*)

.rel.data
 *(.rel.data)
 *(.rel.data.*)
 *(.rel.gnu.linkonce.d*)

.rela.data
 *(.rela.data)
 *(.rela.data.*)
 *(.rela.gnu.linkonce.d*)

.rel.ctors
 *(.rel.ctors)

.rela.ctors
 *(.rela.ctors)

.rel.dtors
 *(.rel.dtors)

.rela.dtors
 *(.rela.dtors)

.rel.got
 *(.rel.got)

.rela.got
 *(.rela.got)

.rel.bss
 *(.rel.bss)

.rela.bss
 *(.rela.bss)

.rel.plt
 *(.rel.plt)

.rela.plt
 *(.rela.plt)

.text           0x00003100     0xbc24
                0x00003100                . = ALIGN (0x2)
 *(.init)
 *(.init0)
 .init0         0x00003100        0x0 /usr/lib/gcc/msp430/4.5.3/mcpu-430x/mmpy-16/libcrt0.a(_reset_vector__.o)
                0x00003100                _reset_vector__
 *(.init1)
 *(.init2)
 .init2         0x00003100        0x4 /usr/lib/gcc/msp430/4.5.3/mcpu-430x/mmpy-16/libcrt0.a(__init_stack.o)
                0x00003100                __init_stack
 *(.init3)
 .init3         0x00003104        0xa /usr/lib/gcc/msp430/4.5.3/mcpu-430x/mmpy-16/libcrt0.a(__low_level_init.o)
                0x00003104                __low_level_init
 *(.init4)
 .init4         0x0000310e       0x16 /usr/lib/gcc/msp430/4.5.3/mcpu-430x/mmpy-16/libcrt0.a(_copy_data.o)
                0x0000310e                __do_copy_data
 .init4         0x00003124       0x14 /usr/lib/gcc/msp430/4.5.3/mcpu-430x/mmpy-16/libcrt0.a(_clear_bss.o)
                0x00003124                __do_clear_bss
 *(.init5)
 *(.init6)
 *(.init7)
 *(.init8)
 *(.init9)
 .init9         0x00003138      0x36e obj_z1/contiki-z1-main.o
                0x00003138                main
 *(.fini9)
 .fini9         0x000034a6        0x0 /usr/lib/gcc/msp430/4.5.3/mcpu-430x/mmpy-16/libcrt0.a(__stop_progExec__.o)
                0x000034a6                __stop_progExec__
 *(.fini8)
 *(.fini7)
 *(.fini6)
 *(.fini5)
 *(.fini4)
 *(.fini3)
 *(.fini2)
 *(.fini1)
 *(.fini0)
 .fini0         0x000034a6        0x6 /usr/lib/gcc/msp430/4.5.3/mcpu-430x/mmpy-16/libcrt0.a(_endless_loop__.o)
                0x000034a6                _endless_loop__
 *(.fini)
                0x000034ac                . = ALIGN (0x2)
                0x000034ac                __ctors_start = .
 *(.ctors)
                0x000034ac                __ctors_end = .
                0x000034ac                __dtors_start = .
 *(.dtors)
                0x000034ac                __dtors_end = .
                0x000034ac                . = ALIGN (0x2)
 *(.text)
 .text          0x000034ac        0x4 /usr/lib/gcc/msp430/4.5.3/mcpu-430x/mmpy-16/crt0ivtbl32.o
                0x000034ac                __isr_14
                0x000034ac                __isr_4
                0x000034ac                __isr_29
                0x000034ac                __isr_11
                0x000034ac                __isr_5
                0x000034ac                __isr_2
                0x000034ac                __isr_10
                0x000034ac                __isr_7
                0x000034ac                __isr_0
                0x000034ac                __isr_28
                0x000034ac                __isr_8
                0x000034ac                __isr_20
                0x000034ac                __isr_3
                0x000034ac                __isr_12
                0x000034ac                __isr_13
                0x000034ac                __isr_27
                0x000034ac                __isr_9
                0x000034ac                __isr_30
                0x000034ac                __isr_6
                0x000034ac                __isr_22
                0x000034ac                __isr_1
                0x000034ac                __isr_15
                0x000034ac                __isr_21
 .text          0x000034b0      0x4b6 udp-seatoccp.co
                0x0000369c                configure_adc
                0x00003960                autostart_processes
 .text          0x00003966      0x112 obj_z1/contiki-z1-main.o
                0x00003966                uip_log
 .text          0x00003a78       0x2e contiki-z1.a(rimeaddr.o)
                0x00003a78                rimeaddr_copy
                0x00003a80                rimeaddr_cmp
                0x00003a92                rimeaddr_set_node_addr
                0x00003a9e                rimeaddr_null
 .text          0x00003aa6      0x394 contiki-z1.a(csma.o)
                0x00003e2c                csma_driver
 .text          0x00003e3a      0x730 contiki-z1.a(contikimac.o)
                0x0000454a                contikimac_debug_print
                0x0000455a                contikimac_driver
 .text          0x0000456a      0x1fa contiki-z1.a(phase.o)
                0x000045ae                phase_update
                0x0000463e                phase_wait
                0x00004750                phase_init
 .text          0x00004764      0x2ac contiki-z1.a(process.o)
                0x00004874                process_alloc_event
                0x00004882                process_exit
                0x0000488c                process_init
                0x000048a8                process_run
                0x00004944                process_nevents
                0x00004950                process_post
                0x000049a4                process_post_synch
                0x000049b6                process_start
                0x000049e8                process_poll
                0x00004a02                process_is_running
 .text          0x00004a10       0x2e contiki-z1.a(autostart.o)
                0x00004a10                autostart_start
                0x00004a28                autostart_exit
 .text          0x00004a3e       0xdc contiki-z1.a(memb.o)
                0x00004a3e                memb_init
                0x00004a74                memb_alloc
                0x00004ab2                memb_free
                0x00004aec                memb_inmemb
 .text          0x00004b1a       0x94 contiki-z1.a(timer.o)
                0x00004b1a                timer_set
                0x00004b36                timer_reset
                0x00004b44                timer_restart
                0x00004b58                timer_expired
                0x00004b86                timer_remaining
 .text          0x00004bae       0xfc contiki-z1.a(list.o)
                0x00004bae                list_init
                0x00004bb4                list_head
                0x00004bb8                list_copy
                0x00004bbe                list_tail
                0x00004bd2                list_chop
                0x00004bfc                list_pop
                0x00004c0a                list_remove
                0x00004c38                list_push
                0x00004c52                list_add
                0x00004c7c                list_length
                0x00004c8c                list_insert
                0x00004ca2                list_item_next
 .text          0x00004caa      0x276 contiki-z1.a(etimer.o)
                0x00004d22                etimer_request_poll
                0x00004e3a                etimer_set
                0x00004e4c                etimer_reset
                0x00004e5e                etimer_restart
                0x00004e70                etimer_adjust
                0x00004e8a                etimer_expired
                0x00004e98                etimer_expiration_time
                0x00004eac                etimer_start_time
                0x00004eb4                etimer_pending
                0x00004ec2                etimer_next_expiration_time
                0x00004ed8                etimer_stop
 .text          0x00004f20      0x1f4 contiki-z1.a(ctimer.o)
                0x00004fc4                ctimer_init
                0x00004fdc                ctimer_set
                0x00005036                ctimer_reset
                0x00005070                ctimer_restart
                0x000050aa                ctimer_stop
                0x000050d2                ctimer_expired
 .text          0x00005114       0xcc contiki-z1.a(energest.o)
                0x00005114                energest_init
                0x0000513e                energest_type_time
                0x00005182                energest_leveldevice_leveltime
                0x00005188                energest_type_set
                0x00005196                energest_flush
 .text          0x000051e0       0x50 contiki-z1.a(rtimer.o)
                0x000051e0                rtimer_init
                0x000051e6                rtimer_set
                0x0000520a                rtimer_run_next
 .text          0x00005230        0xc contiki-z1.a(random.o)
                0x00005230                random_init
                0x00005236                random_rand
 .text          0x0000523c      0x490 contiki-z1.a(nbr-table.o)
                0x00005452                nbr_table_register
                0x00005478                nbr_table_next
                0x000054ae                nbr_table_head
                0x000054e4                nbr_table_add_lladdr
                0x00005622                nbr_table_get_from_lladdr
                0x0000566e                nbr_table_remove
                0x000056a0                nbr_table_lock
                0x000056b0                nbr_table_unlock
                0x000056c0                nbr_table_get_lladdr
 .text          0x000056cc      0x23a contiki-z1.a(packetbuf.o)
                0x000056cc                packetbuf_clear_hdr
                0x000056d4                packetbuf_copyto_hdr
                0x000056f0                packetbuf_copyto
                0x00005742                packetbuf_hdr_remove
                0x00005748                packetbuf_hdrreduce
                0x00005762                packetbuf_set_datalen
                0x00005768                packetbuf_dataptr
                0x00005772                packetbuf_hdrptr
                0x0000577c                packetbuf_is_reference
                0x0000578a                packetbuf_compact
                0x000057d2                packetbuf_reference_ptr
                0x000057d8                packetbuf_datalen
                0x000057de                packetbuf_hdrlen
                0x000057e8                packetbuf_totlen
                0x000057f8                packetbuf_hdralloc
                0x00005826                packetbuf_attr_clear
                0x00005858                packetbuf_clear
                0x00005878                packetbuf_reference
                0x00005892                packetbuf_copyfrom
                0x000058c0                packetbuf_attr_copyto
                0x000058e2                packetbuf_attr_copyfrom
 .text          0x00005906      0x1c2 contiki-z1.a(queuebuf.o)
                0x00005906                queuebuf_init
                0x00005920                queuebuf_new_from_packetbuf
                0x000059a0                queuebuf_update_attr_from_packetbuf
                0x000059b2                queuebuf_free
                0x000059f8                queuebuf_to_packetbuf
                0x00005a68                queuebuf_dataptr
                0x00005a9c                queuebuf_datalen
                0x00005aa2                queuebuf_addr
                0x00005ab8                queuebuf_attr
                0x00005ac6                queuebuf_debug_print
 .text          0x00005ac8      0xfc4 contiki-z1.a(sicslowpan.o)
                0x000062c8                sicslowpan_init
                0x00006a5c                rime_sniffer_add
                0x00006a62                rime_sniffer_remove
                0x00006a68                unc_llconf
                0x00006a6c                unc_ctxconf
                0x00006a70                unc_mxconf
                0x00006a74                llprefix
                0x00006a82                sicslowpan_driver
 .text          0x00006a8c      0x53a contiki-z1.a(tcpip.o)
                0x00006aa2                tcpip_output
                0x00006ab2                tcpip_set_outputfunc
                0x00006ab8                tcp_unlisten
                0x00006af2                tcp_listen
                0x00006b2e                tcp_attach
                0x00006b3a                udp_attach
                0x00006b46                udp_new
                0x00006b60                udp_broadcast_new
                0x00006ba6                tcpip_input
                0x00006bbc                tcpip_ipv6_output
                0x00006efa                tcpip_poll_udp
                0x00006f08                tcpip_poll_tcp
                0x00006f16                tcp_connect
                0x00006f3c                tcpip_uipcall
 .text          0x00006fc6       0xd2 contiki-z1.a(uip-debug.o)
                0x00006fdc                uip_debug_ipaddr_print
                0x00007064                uip_debug_lladdr_print
 .text          0x00007098      0x444 contiki-z1.a(uip-ds6-route.o)
                0x000070ec                uip_ds6_notification_add
                0x00007104                uip_ds6_notification_rm
                0x00007110                uip_ds6_route_init
                0x0000713e                uip_ds6_route_nexthop
                0x00007154                uip_ds6_route_head
                0x0000717a                uip_ds6_route_next
                0x000071b4                uip_ds6_route_num_routes
                0x000071ba                uip_ds6_route_lookup
                0x00007214                uip_ds6_route_add
                0x000072ce                uip_ds6_route_rm
                0x00007364                uip_ds6_route_rm_by_nexthop
                0x00007378                uip_ds6_defrt_rm
                0x000073c0                uip_ds6_defrt_lookup
                0x000073f6                uip_ds6_defrt_add
                0x0000746a                uip_ds6_defrt_choose
                0x000074a4                uip_ds6_defrt_periodic
 .text          0x000074dc      0x2b8 contiki-z1.a(uip-ds6-nbr.o)
                0x000074dc                uip_ds6_nbr_rm
                0x000074f6                uip_ds6_neighbors_init
                0x00007504                uip_ds6_nbr_add
                0x00007564                uip_ds6_nbr_get_ipaddr
                0x00007566                uip_ds6_nbr_get_ll
                0x00007572                uip_ds6_nbr_num
                0x00007596                uip_ds6_nbr_lookup
                0x000075d6                uip_ds6_nbr_ll_lookup
                0x000075e2                uip_ds6_nbr_ipaddr_from_lladdr
                0x000075e8                uip_ds6_nbr_lladdr_from_ipaddr
                0x000075f8                uip_ds6_link_neighbor_callback
                0x00007622                uip_ds6_neighbor_periodic
                0x00007736                uip_ds6_get_least_lifetime_neighbor
 .text          0x00007794      0x736 contiki-z1.a(uip-ds6.o)
                0x00007794                uip_ds6_list_loop
                0x00007816                uip_ds6_prefix_add
                0x00007896                uip_ds6_prefix_rm
                0x000078a0                uip_ds6_prefix_lookup
                0x000078c8                uip_ds6_is_addr_onlink
                0x00007918                uip_ds6_addr_lookup
                0x00007942                uip_ds6_get_link_local
                0x00007980                uip_ds6_get_global
                0x000079be                uip_ds6_maddr_add
                0x00007a0a                uip_ds6_addr_add
                0x00007ad4                uip_ds6_maddr_rm
                0x00007ade                uip_ds6_maddr_lookup
                0x00007b08                uip_ds6_addr_rm
                0x00007b5c                uip_ds6_periodic
                0x00007ba6                uip_ds6_aaddr_add
                0x00007bf0                uip_ds6_aaddr_rm
                0x00007bfa                uip_ds6_aaddr_lookup
                0x00007c22                uip_ds6_set_addr_iid
                0x00007c36                get_match_length
                0x00007c7c                uip_ds6_select_src
                0x00007d26                uip_ds6_compute_reachable_time
                0x00007d70                uip_ds6_init
 .text          0x00007eca      0x586 contiki-z1.a(uip-nd6.o)
                0x00007ef6                uip_nd6_ns_input
                0x0000812c                uip_nd6_ns_output
                0x00008298                uip_nd6_na_input
 .text          0x00008450       0x94 contiki-z1.a(uip-udp-packet.)
                0x00008450                uip_udp_packet_send
                0x0000847e                uip_udp_packet_sendto
 .text          0x000084e4     0x14f8 contiki-z1.a(uip6.o)
                0x0000864c                uip_add32
                0x000086ec                uip_chksum
                0x00008708                uip_icmp6chksum
                0x00008712                uip_tcpchksum
                0x0000871c                uip_udpchksum
                0x00008726                uip_init
                0x00008792                uip_connect
                0x000088ca                remove_ext_hdr
                0x00008922                uip_udp_new
                0x00008a10                uip_unlisten
                0x00008a42                uip_listen
                0x00008a76                uip_process
                0x00009964                uip_htons
                0x00009976                uip_htonl
                0x000099b4                uip_send
 .text          0x000099dc        0xc contiki-z1.a(contiki-z1-plat)
                0x000099dc                init_platform
 .text          0x000099e8       0xde contiki-z1.a(msp430.o)
                0x000099e8                msp430_init_dco
                0x00009a12                msp430_quick_synch_dco
                0x00009a98                msp430_cpu_init
                0x00009abe                splhigh_
 .text          0x00009ac6      0x17e contiki-z1.a(leds.o)
                0x00009bd2                leds_init
                0x00009be0                leds_get
                0x00009be6                leds_on
                0x00009bfa                leds_off
                0x00009c0e                leds_invert
                0x00009c18                leds_toggle
                0x00009c1e                leds_blink
 .text          0x00009c44       0x5c contiki-z1.a(watchdog.o)
                0x00009c44                __isr_26
                0x00009c44                watchdog_interrupt
                0x00009c4a                watchdog_start
                0x00009c5e                watchdog_periodic
                0x00009c70                watchdog_stop
                0x00009c86                watchdog_init
                0x00009c9a                watchdog_reboot
 .text          0x00009ca0      0x3b6 contiki-z1.a(xmem.o)
                0x00009d18                xmem_init
                0x00009d36                xmem_pread
                0x00009e18                xmem_pwrite
                0x00009f8c                xmem_erase
 .text          0x0000a056       0x38 contiki-z1.a(spi.o)
                0x0000a056                spi_init
 .text          0x0000a08e      0xad2 contiki-z1.a(cc2420.o)
                0x0000a3a8                cc2420_on
                0x0000a3ca                cc2420_off
                0x0000a5f6                cc2420_get_channel
                0x0000a5fc                cc2420_set_channel
                0x0000a676                cc2420_set_pan_addr
                0x0000a7c2                cc2420_init
                0x0000a896                cc2420_interrupt
                0x0000a8b6                cc2420_set_txpower
                0x0000a8c4                cc2420_get_txpower
                0x0000aa9e                cc2420_rssi
                0x0000ab02                cc2420_cca_valid
                0x0000ab28                cc2420_set_cca_threshold
                0x0000ab4c                cc2420_driver
 .text          0x0000ab60       0x1a contiki-z1.a(cc2420-arch.o)
                0x0000ab60                cc2420_arch_init
 .text          0x0000ab7a       0x96 contiki-z1.a(node-id.o)
                0x0000ab7a                node_id_restore
                0x0000abc6                node_id_burn
 .text          0x0000ac10      0x164 contiki-z1.a(sensors.o)
                0x0000acf4                sensors_first
                0x0000acfa                sensors_next
                0x0000ad08                sensors_changed
                0x0000ad1c                sensors_find
 .text          0x0000ad74      0x128 contiki-z1.a(button-sensor.o)
                0x0000adfa                irq_p2
                0x0000adfa                __isr_19
                0x0000ae94                button_sensor
 .text          0x0000ae9c       0xf2 contiki-z1.a(uart0.o)
                0x0000ae9c                uart0_active
                0x0000aea8                uart0_set_input
                0x0000aeae                uart0_writeb
                0x0000aec6                uart0_init
                0x0000af0c                __isr_23
                0x0000af0c                uart0_rx_interrupt
 .text          0x0000af8e        0xe contiki-z1.a(uart0-putchar.o)
                0x0000af8e                putchar
 .text          0x0000af9c      0x350 contiki-z1.a(adxl345.o)
                0x0000af9c                accm_write_reg
                0x0000afca                accm_write_stream
                0x0000aff8                accm_read_reg
                0x0000b0a4                accm_read_stream
                0x0000b0fa                accm_read_axis
                0x0000b120                accm_set_grange
                0x0000b144                accm_init
                0x0000b1d4                accm_set_irq
                0x0000b200                port1_isr
                0x0000b200                __isr_18
 .text          0x0000b2ec      0x1dc contiki-z1.a(clock.o)
                0x0000b2ec                __isr_24
                0x0000b2ec                timera1
                0x0000b3da                clock_time
                0x0000b3f4                clock_set
                0x0000b40a                clock_fine_max
                0x0000b410                clock_fine
                0x0000b41a                clock_init
                0x0000b442                clock_delay
                0x0000b44e                clock_wait
                0x0000b484                clock_set_seconds
                0x0000b4a0                clock_seconds
                0x0000b4ba                clock_counter
 .text          0x0000b4c8       0x76 contiki-z1.a(leds-arch.o)
                0x0000b4c8                leds_arch_init
                0x0000b4d6                leds_arch_get
                0x0000b504                leds_arch_set
 .text          0x0000b53e       0x98 contiki-z1.a(rtimer-arch.o)
                0x0000b53e                rtimer_arch_init
                0x0000b54c                rtimer_arch_now
                0x0000b55a                __isr_25
                0x0000b55a                timera0
                0x0000b5d0                rtimer_arch_schedule
 .text          0x0000b5d6       0x14 contiki-z1.a(mac.o)
                0x0000b5d6                mac_call_sent_callback
 .text          0x0000b5ea      0x1b6 contiki-z1.a(framer-802154.o)
                0x0000b79c                framer_802154
 .text          0x0000b7a0      0x20c contiki-z1.a(rpl.o)
                0x0000b7a0                rpl_purge_routes
                0x0000b836                rpl_remove_routes
                0x0000b858                rpl_remove_routes_by_nexthop
                0x0000b89e                rpl_add_route
                0x0000b8e4                rpl_link_neighbor_callback
                0x0000b94e                rpl_ipv6_neighbor_callback
                0x0000b96c                rpl_init
 .text          0x0000b9ac      0xf0c contiki-z1.a(rpl-dag.o)
                0x0000baea                rpl_dag_init
                0x0000baf8                rpl_get_parent_rank
                0x0000bb0c                rpl_get_parent_link_metric
                0x0000bb20                rpl_get_parent_ipaddr
                0x0000bb30                rpl_set_prefix
                0x0000bbc0                rpl_set_default_route
                0x0000bc22                rpl_alloc_instance
                0x0000bc4e                rpl_set_default_instance
                0x0000bc54                rpl_add_parent
                0x0000bc8c                rpl_find_parent
                0x0000bca6                rpl_find_parent_any_dag
                0x0000bccc                rpl_select_parent
                0x0000bd28                rpl_select_dag
                0x0000bedc                rpl_nullify_parent
                0x0000bf2a                rpl_remove_parent
                0x0000bf72                rpl_free_dag
                0x0000bfa8                rpl_free_instance
                0x0000c004                rpl_move_parent
                0x0000c072                rpl_get_any_dag
                0x0000c08a                rpl_get_instance
                0x0000c0fc                rpl_alloc_dag
                0x0000c166                rpl_set_root
                0x0000c24e                rpl_repair_root
                0x0000c29a                rpl_find_of
                0x0000c2aa                rpl_join_instance
                0x0000c3ec                rpl_local_repair
                0x0000c466                rpl_process_parent_event
                0x0000c4ee                rpl_recalculate_ranks
                0x0000c530                rpl_add_dag
                0x0000c646                rpl_process_dio
 .text          0x0000c8b8      0xa6a contiki-z1.a(rpl-icmp6.o)
                0x0000c958                dis_output
                0x0000c9a8                dio_output
                0x0000cc46                dao_output_target
                0x0000cd24                dao_output
                0x0000cd9e                dao_ack_output
                0x0000cdda                uip_rpl_input
 .text          0x0000d322      0x26e contiki-z1.a(rpl-timers.o)
                0x0000d4da                rpl_reset_periodic_timer
                0x0000d530                rpl_reset_dio_timer
                0x0000d548                rpl_schedule_dao
 .text          0x0000d590      0x13c contiki-z1.a(rpl-mrhof.o)
 .text          0x0000d6cc      0x2e8 contiki-z1.a(rpl-ext-header.)
                0x0000d6cc                rpl_verify_header
                0x0000d77a                rpl_update_header_empty
                0x0000d872                rpl_update_header_final
                0x0000d8f6                rpl_remove_header
                0x0000d940                rpl_invert_header
                0x0000d99c                rpl_insert_header
 .text          0x0000d9b4       0xba contiki-z1.a(stimer.o)
                0x0000d9b4                stimer_set
                0x0000d9d0                stimer_reset
                0x0000d9de                stimer_restart
                0x0000d9f2                stimer_expired
                0x0000da34                stimer_remaining
                0x0000da5c                stimer_elapsed
 .text          0x0000da6e      0x320 contiki-z1.a(uip-icmp6.o)
                0x0000da6e                uip_icmp6_echo_request_input
                0x0000db90                uip_icmp6_error_output
                0x0000dcfa                uip_icmp6_send
 .text          0x0000dd8e      0x1a2 contiki-z1.a(i2cmaster.o)
                0x0000dd8e                i2c_receiveinit
                0x0000ddc4                i2c_transmitinit
                0x0000ddf4                i2c_receive_n
                0x0000de38                i2c_busy
                0x0000de42                i2c_enable
                0x0000de66                i2c_disable
                0x0000de80                i2c_transmit_n
                0x0000de94                __isr_16
                0x0000de94                i2c_tx_interrupt
                0x0000df18                i2c_rx_interrupt
                0x0000df18                __isr_17
 .text          0x0000df30      0x3d2 contiki-z1.a(frame802154.o)
                0x0000dfc8                frame802154_hdrlen
                0x0000dff6                frame802154_create
                0x0000e162                frame802154_parse
 .text          0x0000e302        0x0 /usr/lib/gcc/msp430/4.5.3/mcpu-430x/mmpy-16/libgcc.a(_mulsi3.o)
 .text          0x0000e302        0x0 /usr/lib/gcc/msp430/4.5.3/mcpu-430x/mmpy-16/libgcc.a(_udivmodhi4.o)
 .text          0x0000e302        0x0 /usr/lib/gcc/msp430/4.5.3/mcpu-430x/mmpy-16/libgcc.a(_divmodhi4.o)
 .text          0x0000e302        0x0 /usr/lib/gcc/msp430/4.5.3/mcpu-430x/mmpy-16/libgcc.a(_udivmodsi4.o)
 .text          0x0000e302       0x30 /usr/lib/gcc/msp430/4.5.3/../../../../msp430/lib/mcpu-430x/mmpy-16/libc.a(strncmp.o)
                0x0000e302                strncmp
 .text          0x0000e332       0x34 /usr/lib/gcc/msp430/4.5.3/../../../../msp430/lib/mcpu-430x/mmpy-16/libc.a(memcmp.o)
                0x0000e332                memcmp
 .text          0x0000e366      0x104 /usr/lib/gcc/msp430/4.5.3/../../../../msp430/lib/mcpu-430x/mmpy-16/libc.a(memcpy.o)
                0x0000e366                memcpy
 .text          0x0000e46a      0x104 /usr/lib/gcc/msp430/4.5.3/../../../../msp430/lib/mcpu-430x/mmpy-16/libc.a(memmove.o)
                0x0000e46a                memmove
 .text          0x0000e56e       0x66 /usr/lib/gcc/msp430/4.5.3/../../../../msp430/lib/mcpu-430x/mmpy-16/libc.a(memset.o)
                0x0000e56e                memset
 .text          0x0000e5d4       0x20 /usr/lib/gcc/msp430/4.5.3/../../../../msp430/lib/mcpu-430x/mmpy-16/libc.a(printf.o)
                0x0000e5d4                printf
                0x0000e5e6                vprintf
 .text          0x0000e5f4       0xbc /usr/lib/gcc/msp430/4.5.3/../../../../msp430/lib/mcpu-430x/mmpy-16/libc.a(sprintf.o)
                0x0000e652                sprintf
                0x0000e66e                snprintf
                0x0000e688                vsprintf
                0x0000e69e                vsnprintf
 .text          0x0000e6b0      0x476 /usr/lib/gcc/msp430/4.5.3/../../../../msp430/lib/mcpu-430x/mmpy-16/libc.a(vuprintf.o)
                0x0000e7bc                vuprintf
 .text          0x0000eb26       0x2c /usr/lib/gcc/msp430/4.5.3/../../../../msp430/lib/mcpu-430x/mmpy-16/libc.a(puts.o)
                0x0000eb26                puts
 .text          0x0000eb52      0x134 /usr/lib/gcc/msp430/4.5.3/../../../../msp430/lib/mcpu-430x/mmpy-16/libc.a(rand.o)
                0x0000eb52                rand_r
                0x0000ebe6                rand
                0x0000ec7c                srand
 .text          0x0000ec86        0x0 /usr/lib/gcc/msp430/4.5.3/mcpu-430x/mmpy-16/libcrt0.a(_reset_vector__.o)
 .text          0x0000ec86        0x0 /usr/lib/gcc/msp430/4.5.3/mcpu-430x/mmpy-16/libcrt0.a(__init_stack.o)
 .text          0x0000ec86        0x0 /usr/lib/gcc/msp430/4.5.3/mcpu-430x/mmpy-16/libcrt0.a(__low_level_init.o)
 .text          0x0000ec86        0x0 /usr/lib/gcc/msp430/4.5.3/mcpu-430x/mmpy-16/libcrt0.a(_copy_data.o)
 .text          0x0000ec86        0x0 /usr/lib/gcc/msp430/4.5.3/mcpu-430x/mmpy-16/libcrt0.a(_clear_bss.o)
 .text          0x0000ec86        0x0 /usr/lib/gcc/msp430/4.5.3/mcpu-430x/mmpy-16/libcrt0.a(__stop_progExec__.o)
 .text          0x0000ec86        0x0 /usr/lib/gcc/msp430/4.5.3/mcpu-430x/mmpy-16/libcrt0.a(_endless_loop__.o)
 .text          0x0000ec86        0x0 /usr/lib/gcc/msp430/4.5.3/mcpu-430x/mmpy-16/libcrt0.a(_unexpected_.o)
                0x0000ec86                . = ALIGN (0x2)
 *(.text.*)
 .text.crt0     0x0000ec86        0x0 /usr/lib/gcc/msp430/4.5.3/mcpu-430x/mmpy-16/crt0ivtbl32.o
 .text.libgcc   0x0000ec86       0x20 /usr/lib/gcc/msp430/4.5.3/mcpu-430x/mmpy-16/libgcc.a(_mulsi3.o)
                0x0000ec86                __mulsi3
 .text.libgcc   0x0000eca6       0x1c /usr/lib/gcc/msp430/4.5.3/mcpu-430x/mmpy-16/libgcc.a(_udivmodhi4.o)
                0x0000eca6                __udivmodhi4
 .text.libgcc   0x0000ecc2       0x36 /usr/lib/gcc/msp430/4.5.3/mcpu-430x/mmpy-16/libgcc.a(_divmodhi4.o)
                0x0000ecc2                __divmodhi4
 .text.libgcc   0x0000ecf8       0x2a /usr/lib/gcc/msp430/4.5.3/mcpu-430x/mmpy-16/libgcc.a(_udivmodsi4.o)
                0x0000ecf8                __udivmodsi4
 .text.crt0     0x0000ed22        0x2 /usr/lib/gcc/msp430/4.5.3/mcpu-430x/mmpy-16/libcrt0.a(_unexpected_.o)
                0x0000ed22                _unexpected_

.rodata         0x0000ed24        0x0
                0x0000ed24                . = ALIGN (0x2)
 *(.rodata .rodata.* .gnu.linkonce.r.*)
                0x0000ed24                . = ALIGN (0x2)
                0x0000ed24                _etext = .

.data           0x00001100       0xf4 load address 0x0000ed24
                0x00001100                . = ALIGN (0x2)
                0x00001100                PROVIDE (__data_start, .)
 *(.data)
 .data          0x00001100        0x0 /usr/lib/gcc/msp430/4.5.3/mcpu-430x/mmpy-16/crt0ivtbl32.o
 .data          0x00001100       0x16 udp-seatoccp.co
                0x00001100                delay
                0x00001102                udp_client_process
                0x0000110c                adc_read_process
 .data          0x00001116        0x4 obj_z1/contiki-z1-main.o
                0x00001116                sensors
 .data          0x0000111a        0x0 contiki-z1.a(rimeaddr.o)
 .data          0x0000111a       0x18 contiki-z1.a(csma.o)
 .data          0x00001132        0x0 contiki-z1.a(contikimac.o)
 .data          0x00001132       0x10 contiki-z1.a(phase.o)
 .data          0x00001142        0x0 contiki-z1.a(process.o)
 .data          0x00001142        0x0 contiki-z1.a(autostart.o)
 .data          0x00001142        0x0 contiki-z1.a(memb.o)
 .data          0x00001142        0x0 contiki-z1.a(timer.o)
 .data          0x00001142        0x0 contiki-z1.a(list.o)
 .data          0x00001142        0xa contiki-z1.a(etimer.o)
                0x00001142                etimer_process
 .data          0x0000114c        0xa contiki-z1.a(ctimer.o)
                0x0000114c                ctimer_process
 .data          0x00001156        0x0 contiki-z1.a(energest.o)
 .data          0x00001156        0x0 contiki-z1.a(rtimer.o)
 .data          0x00001156        0x0 contiki-z1.a(random.o)
 .data          0x00001156        0x8 contiki-z1.a(nbr-table.o)
 .data          0x0000115e        0x0 contiki-z1.a(packetbuf.o)
 .data          0x0000115e       0x18 contiki-z1.a(queuebuf.o)
 .data          0x00001176        0x0 contiki-z1.a(sicslowpan.o)
 .data          0x00001176        0xa contiki-z1.a(tcpip.o)
                0x00001176                tcpip_process
 .data          0x00001180        0x0 contiki-z1.a(uip-debug.o)
 .data          0x00001180       0x18 contiki-z1.a(uip-ds6-route.o)
 .data          0x00001198        0xa contiki-z1.a(uip-ds6-nbr.o)
                0x00001198                ds6_neighbors
 .data          0x000011a2        0x0 contiki-z1.a(uip-ds6.o)
 .data          0x000011a2        0x0 contiki-z1.a(uip-nd6.o)
 .data          0x000011a2        0x0 contiki-z1.a(uip-udp-packet.)
 .data          0x000011a2        0x0 contiki-z1.a(uip6.o)
 .data          0x000011a2        0x0 contiki-z1.a(contiki-z1-plat)
 .data          0x000011a2        0x2 contiki-z1.a(msp430.o)
 .data          0x000011a4        0x0 contiki-z1.a(leds.o)
 .data          0x000011a4        0x0 contiki-z1.a(watchdog.o)
 .data          0x000011a4        0x0 contiki-z1.a(xmem.o)
 .data          0x000011a4        0x0 contiki-z1.a(spi.o)
 .data          0x000011a4        0xa contiki-z1.a(cc2420.o)
                0x000011a4                cc2420_process
 .data          0x000011ae        0x0 contiki-z1.a(cc2420-arch.o)
 .data          0x000011ae        0x0 contiki-z1.a(node-id.o)
 .data          0x000011ae        0xa contiki-z1.a(sensors.o)
                0x000011ae                sensors_process
 .data          0x000011b8        0x0 contiki-z1.a(button-sensor.o)
 .data          0x000011b8        0x0 contiki-z1.a(uart0.o)
 .data          0x000011b8        0x0 contiki-z1.a(uart0-putchar.o)
 .data          0x000011b8       0x20 contiki-z1.a(adxl345.o)
                0x000011b8                accmeter_process
 .data          0x000011d8        0x0 contiki-z1.a(clock.o)
 .data          0x000011d8        0x0 contiki-z1.a(leds-arch.o)
 .data          0x000011d8        0x0 contiki-z1.a(rtimer-arch.o)
 .data          0x000011d8        0x0 contiki-z1.a(mac.o)
 .data          0x000011d8        0x0 contiki-z1.a(framer-802154.o)
 .data          0x000011d8        0x0 contiki-z1.a(rpl.o)
 .data          0x000011d8        0x8 contiki-z1.a(rpl-dag.o)
 .data          0x000011e0        0x1 contiki-z1.a(rpl-icmp6.o)
 .data          0x000011e1        0x0 contiki-z1.a(rpl-timers.o)
 *fill*         0x000011e1        0x1 00
 .data          0x000011e2        0xe contiki-z1.a(rpl-mrhof.o)
                0x000011e2                rpl_mrhof
 .data          0x000011f0        0x0 contiki-z1.a(rpl-ext-header.)
 .data          0x000011f0        0x0 contiki-z1.a(stimer.o)
 .data          0x000011f0        0x0 contiki-z1.a(uip-icmp6.o)
 .data          0x000011f0        0x0 contiki-z1.a(i2cmaster.o)
 .data          0x000011f0        0x0 contiki-z1.a(frame802154.o)
 .data          0x000011f0        0x0 /usr/lib/gcc/msp430/4.5.3/mcpu-430x/mmpy-16/libgcc.a(_mulsi3.o)
 .data          0x000011f0        0x0 /usr/lib/gcc/msp430/4.5.3/mcpu-430x/mmpy-16/libgcc.a(_udivmodhi4.o)
 .data          0x000011f0        0x0 /usr/lib/gcc/msp430/4.5.3/mcpu-430x/mmpy-16/libgcc.a(_divmodhi4.o)
 .data          0x000011f0        0x0 /usr/lib/gcc/msp430/4.5.3/mcpu-430x/mmpy-16/libgcc.a(_udivmodsi4.o)
 .data          0x000011f0        0x0 /usr/lib/gcc/msp430/4.5.3/../../../../msp430/lib/mcpu-430x/mmpy-16/libc.a(strncmp.o)
 .data          0x000011f0        0x0 /usr/lib/gcc/msp430/4.5.3/../../../../msp430/lib/mcpu-430x/mmpy-16/libc.a(memcmp.o)
 .data          0x000011f0        0x0 /usr/lib/gcc/msp430/4.5.3/../../../../msp430/lib/mcpu-430x/mmpy-16/libc.a(memcpy.o)
 .data          0x000011f0        0x0 /usr/lib/gcc/msp430/4.5.3/../../../../msp430/lib/mcpu-430x/mmpy-16/libc.a(memmove.o)
 .data          0x000011f0        0x0 /usr/lib/gcc/msp430/4.5.3/../../../../msp430/lib/mcpu-430x/mmpy-16/libc.a(memset.o)
 .data          0x000011f0        0x0 /usr/lib/gcc/msp430/4.5.3/../../../../msp430/lib/mcpu-430x/mmpy-16/libc.a(printf.o)
 .data          0x000011f0        0x0 /usr/lib/gcc/msp430/4.5.3/../../../../msp430/lib/mcpu-430x/mmpy-16/libc.a(sprintf.o)
 .data          0x000011f0        0x0 /usr/lib/gcc/msp430/4.5.3/../../../../msp430/lib/mcpu-430x/mmpy-16/libc.a(vuprintf.o)
 .data          0x000011f0        0x0 /usr/lib/gcc/msp430/4.5.3/../../../../msp430/lib/mcpu-430x/mmpy-16/libc.a(puts.o)
 .data          0x000011f0        0x4 /usr/lib/gcc/msp430/4.5.3/../../../../msp430/lib/mcpu-430x/mmpy-16/libc.a(rand.o)
 .data          0x000011f4        0x0 /usr/lib/gcc/msp430/4.5.3/mcpu-430x/mmpy-16/libcrt0.a(_reset_vector__.o)
 .data          0x000011f4        0x0 /usr/lib/gcc/msp430/4.5.3/mcpu-430x/mmpy-16/libcrt0.a(__init_stack.o)
 .data          0x000011f4        0x0 /usr/lib/gcc/msp430/4.5.3/mcpu-430x/mmpy-16/libcrt0.a(__low_level_init.o)
 .data          0x000011f4        0x0 /usr/lib/gcc/msp430/4.5.3/mcpu-430x/mmpy-16/libcrt0.a(_copy_data.o)
 .data          0x000011f4        0x0 /usr/lib/gcc/msp430/4.5.3/mcpu-430x/mmpy-16/libcrt0.a(_clear_bss.o)
 .data          0x000011f4        0x0 /usr/lib/gcc/msp430/4.5.3/mcpu-430x/mmpy-16/libcrt0.a(__stop_progExec__.o)
 .data          0x000011f4        0x0 /usr/lib/gcc/msp430/4.5.3/mcpu-430x/mmpy-16/libcrt0.a(_endless_loop__.o)
 .data          0x000011f4        0x0 /usr/lib/gcc/msp430/4.5.3/mcpu-430x/mmpy-16/libcrt0.a(_unexpected_.o)
 *(SORT(.data.*))
                0x000011f4                . = ALIGN (0x2)
 *(.gnu.linkonce.d*)
                0x000011f4                . = ALIGN (0x2)
                0x000011f4                _edata = .
                0x0000ed24                PROVIDE (__data_load_start, LOADADDR (.data))
                0x000000f4                PROVIDE (__data_size, SIZEOF (.data))

.bss            0x000011f4     0x155a load address 0x0000ee18
                0x000011f4                PROVIDE (__bss_start, .)
 *(.bss)
 .bss           0x000011f4        0x0 /usr/lib/gcc/msp430/4.5.3/mcpu-430x/mmpy-16/crt0ivtbl32.o
 .bss           0x000011f4       0x68 udp-seatoccp.co
                0x000011f4                count
 .bss           0x0000125c        0x4 obj_z1/contiki-z1-main.o
 .bss           0x00001260        0x0 contiki-z1.a(rimeaddr.o)
 .bss           0x00001260       0x8a contiki-z1.a(csma.o)
 .bss           0x000012ea       0xd0 contiki-z1.a(contikimac.o)
 .bss           0x000013ba      0x19c contiki-z1.a(phase.o)
 .bss           0x00001556       0x42 contiki-z1.a(process.o)
                0x00001556                process_list
                0x00001558                process_current
 .bss           0x00001598        0x0 contiki-z1.a(autostart.o)
 .bss           0x00001598        0x0 contiki-z1.a(memb.o)
 .bss           0x00001598        0x0 contiki-z1.a(timer.o)
 .bss           0x00001598        0x0 contiki-z1.a(list.o)
 .bss           0x00001598        0x6 contiki-z1.a(etimer.o)
 .bss           0x0000159e        0x4 contiki-z1.a(ctimer.o)
 .bss           0x000015a2        0x0 contiki-z1.a(energest.o)
 .bss           0x000015a2        0x2 contiki-z1.a(rtimer.o)
 .bss           0x000015a4        0x0 contiki-z1.a(random.o)
 .bss           0x000015a4       0xda contiki-z1.a(nbr-table.o)
 .bss           0x0000167e       0xba contiki-z1.a(packetbuf.o)
 .bss           0x00001738      0x3c6 contiki-z1.a(queuebuf.o)
 .bss           0x00001afe       0xbe contiki-z1.a(sicslowpan.o)
 .bss           0x00001bbc       0x36 contiki-z1.a(tcpip.o)
 .bss           0x00001bf2        0x0 contiki-z1.a(uip-debug.o)
 .bss           0x00001bf2      0x24e contiki-z1.a(uip-ds6-route.o)
 .bss           0x00001e40      0x21c contiki-z1.a(uip-ds6-nbr.o)
 .bss           0x0000205c       0x18 contiki-z1.a(uip-ds6.o)
 .bss           0x00002074        0xa contiki-z1.a(uip-nd6.o)
 .bss           0x0000207e        0x0 contiki-z1.a(uip-udp-packet.)
 .bss           0x0000207e       0x10 contiki-z1.a(uip6.o)
                0x0000207e                uip_ext_bitmap
                0x00002080                uip_ext_len
                0x00002082                uip_ext_opt_offset
 .bss           0x0000208e        0x0 contiki-z1.a(contiki-z1-plat)
 .bss           0x0000208e        0x0 contiki-z1.a(msp430.o)
 .bss           0x0000208e        0x2 contiki-z1.a(leds.o)
 .bss           0x00002090        0x2 contiki-z1.a(watchdog.o)
 .bss           0x00002092        0x0 contiki-z1.a(xmem.o)
 .bss           0x00002092        0x2 contiki-z1.a(spi.o)
                0x00002092                spi_busy
 .bss           0x00002094        0xa contiki-z1.a(cc2420.o)
 .bss           0x0000209e        0x0 contiki-z1.a(cc2420-arch.o)
 .bss           0x0000209e        0x2 contiki-z1.a(node-id.o)
                0x0000209e                node_id
 .bss           0x000020a0        0x6 contiki-z1.a(sensors.o)
 .bss           0x000020a6        0x8 contiki-z1.a(button-sensor.o)
 .bss           0x000020ae        0x4 contiki-z1.a(uart0.o)
 .bss           0x000020b2        0x0 contiki-z1.a(uart0-putchar.o)
 .bss           0x000020b2       0x16 contiki-z1.a(adxl345.o)
 .bss           0x000020c8        0xa contiki-z1.a(clock.o)
 .bss           0x000020d2        0x0 contiki-z1.a(leds-arch.o)
 .bss           0x000020d2        0x0 contiki-z1.a(rtimer-arch.o)
 .bss           0x000020d2        0x0 contiki-z1.a(mac.o)
 .bss           0x000020d2        0x2 contiki-z1.a(framer-802154.o)
 .bss           0x000020d4        0x0 contiki-z1.a(rpl.o)
 .bss           0x000020d4       0x96 contiki-z1.a(rpl-dag.o)
 .bss           0x0000216a        0x0 contiki-z1.a(rpl-icmp6.o)
 .bss           0x0000216a       0x18 contiki-z1.a(rpl-timers.o)
 .bss           0x00002182        0x0 contiki-z1.a(rpl-mrhof.o)
 .bss           0x00002182        0x0 contiki-z1.a(rpl-ext-header.)
 .bss           0x00002182        0x0 contiki-z1.a(stimer.o)
 .bss           0x00002182       0x10 contiki-z1.a(uip-icmp6.o)
 .bss           0x00002192        0x2 contiki-z1.a(i2cmaster.o)
 .bss           0x00002194        0x0 contiki-z1.a(frame802154.o)
 .bss           0x00002194        0x0 /usr/lib/gcc/msp430/4.5.3/mcpu-430x/mmpy-16/libgcc.a(_mulsi3.o)
 .bss           0x00002194        0x0 /usr/lib/gcc/msp430/4.5.3/mcpu-430x/mmpy-16/libgcc.a(_udivmodhi4.o)
 .bss           0x00002194        0x0 /usr/lib/gcc/msp430/4.5.3/mcpu-430x/mmpy-16/libgcc.a(_divmodhi4.o)
 .bss           0x00002194        0x0 /usr/lib/gcc/msp430/4.5.3/mcpu-430x/mmpy-16/libgcc.a(_udivmodsi4.o)
 .bss           0x00002194        0x0 /usr/lib/gcc/msp430/4.5.3/../../../../msp430/lib/mcpu-430x/mmpy-16/libc.a(strncmp.o)
 .bss           0x00002194        0x0 /usr/lib/gcc/msp430/4.5.3/../../../../msp430/lib/mcpu-430x/mmpy-16/libc.a(memcmp.o)
 .bss           0x00002194        0x0 /usr/lib/gcc/msp430/4.5.3/../../../../msp430/lib/mcpu-430x/mmpy-16/libc.a(memcpy.o)
 .bss           0x00002194        0x0 /usr/lib/gcc/msp430/4.5.3/../../../../msp430/lib/mcpu-430x/mmpy-16/libc.a(memmove.o)
 .bss           0x00002194        0x0 /usr/lib/gcc/msp430/4.5.3/../../../../msp430/lib/mcpu-430x/mmpy-16/libc.a(memset.o)
 .bss           0x00002194        0x0 /usr/lib/gcc/msp430/4.5.3/../../../../msp430/lib/mcpu-430x/mmpy-16/libc.a(printf.o)
 .bss           0x00002194        0x4 /usr/lib/gcc/msp430/4.5.3/../../../../msp430/lib/mcpu-430x/mmpy-16/libc.a(sprintf.o)
 .bss           0x00002198        0x0 /usr/lib/gcc/msp430/4.5.3/../../../../msp430/lib/mcpu-430x/mmpy-16/libc.a(vuprintf.o)
 .bss           0x00002198        0x0 /usr/lib/gcc/msp430/4.5.3/../../../../msp430/lib/mcpu-430x/mmpy-16/libc.a(puts.o)
 .bss           0x00002198        0x0 /usr/lib/gcc/msp430/4.5.3/../../../../msp430/lib/mcpu-430x/mmpy-16/libc.a(rand.o)
 .bss           0x00002198        0x0 /usr/lib/gcc/msp430/4.5.3/mcpu-430x/mmpy-16/libcrt0.a(_reset_vector__.o)
 .bss           0x00002198        0x0 /usr/lib/gcc/msp430/4.5.3/mcpu-430x/mmpy-16/libcrt0.a(__init_stack.o)
 .bss           0x00002198        0x0 /usr/lib/gcc/msp430/4.5.3/mcpu-430x/mmpy-16/libcrt0.a(__low_level_init.o)
 .bss           0x00002198        0x0 /usr/lib/gcc/msp430/4.5.3/mcpu-430x/mmpy-16/libcrt0.a(_copy_data.o)
 .bss           0x00002198        0x0 /usr/lib/gcc/msp430/4.5.3/mcpu-430x/mmpy-16/libcrt0.a(_clear_bss.o)
 .bss           0x00002198        0x0 /usr/lib/gcc/msp430/4.5.3/mcpu-430x/mmpy-16/libcrt0.a(__stop_progExec__.o)
 .bss           0x00002198        0x0 /usr/lib/gcc/msp430/4.5.3/mcpu-430x/mmpy-16/libcrt0.a(_endless_loop__.o)
 .bss           0x00002198        0x0 /usr/lib/gcc/msp430/4.5.3/mcpu-430x/mmpy-16/libcrt0.a(_unexpected_.o)
 *(SORT(.bss.*))
 *(COMMON)
 COMMON         0x00002198        0xe udp-seatoccp.co
                0x00002198                t
                0x0000219a                trig
                0x0000219c                kitchen_door
                0x0000219e                i
                0x000021a0                lab_door
                0x000021a2                adc12_7_cb
                0x000021a4                motion
 COMMON         0x000021a6        0x2 obj_z1/contiki-z1-main.o
                0x000021a6                sensors_flags
 COMMON         0x000021a8        0x8 contiki-z1.a(rimeaddr.o)
                0x000021a8                rimeaddr_node_addr
 COMMON         0x000021b0        0x1 contiki-z1.a(process.o)
                0x000021b0                process_maxevents
 *fill*         0x000021b1        0x1 00
 COMMON         0x000021b2       0x56 contiki-z1.a(energest.o)
                0x000021b2                energest_total_time
                0x000021e2                energest_total_count
                0x000021e4                energest_current_mode
                0x000021f0                energest_current_time
 COMMON         0x00002208       0x50 contiki-z1.a(packetbuf.o)
                0x00002208                packetbuf_addrs
                0x00002228                packetbuf_attrs
 COMMON         0x00002258        0x8 contiki-z1.a(sicslowpan.o)
                0x00002258                frag_sender
 COMMON         0x00002260        0x1 contiki-z1.a(tcpip.o)
                0x00002260                tcpip_event
 *fill*         0x00002261        0x1 00
 COMMON         0x00002262      0x15c contiki-z1.a(uip-ds6.o)
                0x00002262                uip_ds6_timer_ra
                0x0000226a                uip_ds6_if
                0x00002356                uip_ds6_netif_addr_list_offset
                0x00002357                uip_ds6_addr_size
                0x00002358                uip_ds6_prefix_list
                0x000023b2                uip_ds6_timer_periodic
 COMMON         0x000023be      0x2a0 contiki-z1.a(uip6.o)
                0x000023be                uip_len
                0x000023c0                uip_sappdata
                0x000023c2                uip_acc32
                0x000023c6                uip_lladdr
                0x000023ce                uip_aligned_buf
                0x0000245a                uip_flags
                0x0000245c                uip_next_hdr
                0x0000245e                uip_udp_conn
                0x00002460                uip_appdata
                0x00002462                uip_conn
                0x00002464                uip_conns
                0x00002514                uip_listenports
                0x00002524                uip_slen
                0x00002526                uip_udp_conns
 COMMON         0x0000265e       0x14 contiki-z1.a(cc2420.o)
                0x0000265e                cc2420_last_rssi
                0x00002660                cc2420_packets_read
                0x00002662                cc2420_packets_seen
                0x00002664                cc2420_sfd_start_time
                0x00002666                cc2420_time_of_departure
                0x00002668                cc2420_time_of_arrival
                0x0000266a                cc2420_last_correlation
                0x0000266c                cc2420_authority_level_of_sender
                0x0000266e                cc2420_sfd_counter
                0x00002670                cc2420_sfd_end_time
 COMMON         0x00002672        0x8 contiki-z1.a(node-id.o)
                0x00002672                node_mac
 COMMON         0x0000267a        0x1 contiki-z1.a(sensors.o)
                0x0000267a                sensors_event
 *fill*         0x0000267b        0x1 00
 COMMON         0x0000267c        0x7 contiki-z1.a(adxl345.o)
                0x0000267c                accm_int2_cb
                0x0000267e                int2_event
                0x00002680                accm_int1_cb
                0x00002682                int1_event
 *fill*         0x00002683        0x1 00
 COMMON         0x00002684       0xbe contiki-z1.a(rpl-dag.o)
                0x00002684                default_instance
                0x00002686                instance_table
 COMMON         0x00002742        0xc contiki-z1.a(i2cmaster.o)
                0x00002742                transmit_data1
                0x00002743                rx_byte_ctr
                0x00002744                tx_buf_ptr
                0x00002746                tx_byte_ctr
                0x00002747                receive_data
                0x00002748                rx_buf
                0x0000274a                transmit_data2
                0x0000274c                rx_buf_ptr
                0x0000274e                PROVIDE (__bss_end, .)
                0x0000274e                _end = .
                0x0000155a                PROVIDE (__bss_size, SIZEOF (.bss))

.noinit         0x0000274e        0x0 load address 0x0000ee18
                0x0000274e                PROVIDE (__noinit_start, .)
 *(.noinit)
 *(.noinit.*)
 *(COMMON)
                0x0000274e                PROVIDE (__noinit_end, .)
                0x0000274e                _end = .

.infomem        0x00001000        0x0
 *(.infomem)
                0x00001000                . = ALIGN (0x2)
 *(.infomem.*)

.infomemnobits  0x00001000        0x0
                0x00001000                . = ALIGN (0x2)
 *(.infomemnobits)
                0x00001000                . = ALIGN (0x2)
 *(.infomemnobits.*)

.vectors        0x0000ffc0       0x40
                0x0000ffc0                PROVIDE (__vectors_start, .)
 *(.vectors*)
 .vectors       0x0000ffc0       0x40 /usr/lib/gcc/msp430/4.5.3/mcpu-430x/mmpy-16/crt0ivtbl32.o
                0x0000ffc0                __ivtbl_32
                0x00010000                _vectors_end = .

.fartext        0x00010000        0x0
                0x00010000                . = ALIGN (0x2)
 *(.fartext)
                0x00010000                . = ALIGN (0x2)
 *(.fartext.*)
                0x00010000                _efartext = .

.profiler
 *(.profiler)

.stab
 *(.stab)

.stabstr
 *(.stabstr)

.stab.excl
 *(.stab.excl)

.stab.exclstr
 *(.stab.exclstr)

.stab.index
 *(.stab.index)

.stab.indexstr
 *(.stab.indexstr)

.comment
 *(.comment)

.debug
 *(.debug)

.line
 *(.line)

.debug_srcinfo
 *(.debug_srcinfo)

.debug_sfnames
 *(.debug_sfnames)

.debug_aranges  0x00000000      0x190
 *(.debug_aranges)
 .debug_aranges
                0x00000000       0x14 /usr/lib/gcc/msp430/4.5.3/mcpu-430x/mmpy-16/libgcc.a(_mulsi3.o)
 .debug_aranges
                0x00000014       0x14 /usr/lib/gcc/msp430/4.5.3/mcpu-430x/mmpy-16/libgcc.a(_udivmodhi4.o)
 .debug_aranges
                0x00000028       0x14 /usr/lib/gcc/msp430/4.5.3/mcpu-430x/mmpy-16/libgcc.a(_divmodhi4.o)
 .debug_aranges
                0x0000003c       0x14 /usr/lib/gcc/msp430/4.5.3/mcpu-430x/mmpy-16/libgcc.a(_udivmodsi4.o)
 .debug_aranges
                0x00000050       0x14 /usr/lib/gcc/msp430/4.5.3/../../../../msp430/lib/mcpu-430x/mmpy-16/libc.a(strncmp.o)
 .debug_aranges
                0x00000064       0x14 /usr/lib/gcc/msp430/4.5.3/../../../../msp430/lib/mcpu-430x/mmpy-16/libc.a(memcmp.o)
 .debug_aranges
                0x00000078       0x14 /usr/lib/gcc/msp430/4.5.3/../../../../msp430/lib/mcpu-430x/mmpy-16/libc.a(memcpy.o)
 .debug_aranges
                0x0000008c       0x14 /usr/lib/gcc/msp430/4.5.3/../../../../msp430/lib/mcpu-430x/mmpy-16/libc.a(memmove.o)
 .debug_aranges
                0x000000a0       0x14 /usr/lib/gcc/msp430/4.5.3/../../../../msp430/lib/mcpu-430x/mmpy-16/libc.a(memset.o)
 .debug_aranges
                0x000000b4       0x14 /usr/lib/gcc/msp430/4.5.3/../../../../msp430/lib/mcpu-430x/mmpy-16/libc.a(printf.o)
 .debug_aranges
                0x000000c8       0x14 /usr/lib/gcc/msp430/4.5.3/../../../../msp430/lib/mcpu-430x/mmpy-16/libc.a(sprintf.o)
 .debug_aranges
                0x000000dc       0x14 /usr/lib/gcc/msp430/4.5.3/../../../../msp430/lib/mcpu-430x/mmpy-16/libc.a(vuprintf.o)
 .debug_aranges
                0x000000f0       0x14 /usr/lib/gcc/msp430/4.5.3/../../../../msp430/lib/mcpu-430x/mmpy-16/libc.a(puts.o)
 .debug_aranges
                0x00000104       0x14 /usr/lib/gcc/msp430/4.5.3/../../../../msp430/lib/mcpu-430x/mmpy-16/libc.a(rand.o)
 .debug_aranges
                0x00000118       0x14 /usr/lib/gcc/msp430/4.5.3/mcpu-430x/mmpy-16/libcrt0.a(__init_stack.o)
 .debug_aranges
                0x0000012c       0x14 /usr/lib/gcc/msp430/4.5.3/mcpu-430x/mmpy-16/libcrt0.a(__low_level_init.o)
 .debug_aranges
                0x00000140       0x14 /usr/lib/gcc/msp430/4.5.3/mcpu-430x/mmpy-16/libcrt0.a(_copy_data.o)
 .debug_aranges
                0x00000154       0x14 /usr/lib/gcc/msp430/4.5.3/mcpu-430x/mmpy-16/libcrt0.a(_clear_bss.o)
 .debug_aranges
                0x00000168       0x14 /usr/lib/gcc/msp430/4.5.3/mcpu-430x/mmpy-16/libcrt0.a(_endless_loop__.o)
 .debug_aranges
                0x0000017c       0x14 /usr/lib/gcc/msp430/4.5.3/mcpu-430x/mmpy-16/libcrt0.a(_unexpected_.o)

.debug_pubnames
                0x00000000      0x16c
 *(.debug_pubnames)
 .debug_pubnames
                0x00000000       0x1e /usr/lib/gcc/msp430/4.5.3/../../../../msp430/lib/mcpu-430x/mmpy-16/libc.a(strncmp.o)
 .debug_pubnames
                0x0000001e       0x1d /usr/lib/gcc/msp430/4.5.3/../../../../msp430/lib/mcpu-430x/mmpy-16/libc.a(memcmp.o)
 .debug_pubnames
                0x0000003b       0x1d /usr/lib/gcc/msp430/4.5.3/../../../../msp430/lib/mcpu-430x/mmpy-16/libc.a(memcpy.o)
 .debug_pubnames
                0x00000058       0x1e /usr/lib/gcc/msp430/4.5.3/../../../../msp430/lib/mcpu-430x/mmpy-16/libc.a(memmove.o)
 .debug_pubnames
                0x00000076       0x1d /usr/lib/gcc/msp430/4.5.3/../../../../msp430/lib/mcpu-430x/mmpy-16/libc.a(memset.o)
 .debug_pubnames
                0x00000093       0x29 /usr/lib/gcc/msp430/4.5.3/../../../../msp430/lib/mcpu-430x/mmpy-16/libc.a(printf.o)
 .debug_pubnames
                0x000000bc       0x46 /usr/lib/gcc/msp430/4.5.3/../../../../msp430/lib/mcpu-430x/mmpy-16/libc.a(sprintf.o)
 .debug_pubnames
                0x00000102       0x1f /usr/lib/gcc/msp430/4.5.3/../../../../msp430/lib/mcpu-430x/mmpy-16/libc.a(vuprintf.o)
 .debug_pubnames
                0x00000121       0x1b /usr/lib/gcc/msp430/4.5.3/../../../../msp430/lib/mcpu-430x/mmpy-16/libc.a(puts.o)
 .debug_pubnames
                0x0000013c       0x30 /usr/lib/gcc/msp430/4.5.3/../../../../msp430/lib/mcpu-430x/mmpy-16/libc.a(rand.o)

.debug_info     0x00000000     0x1599
 *(.debug_info)
 .debug_info    0x00000000       0xe1 /usr/lib/gcc/msp430/4.5.3/mcpu-430x/mmpy-16/libgcc.a(_mulsi3.o)
 .debug_info    0x000000e1       0xe1 /usr/lib/gcc/msp430/4.5.3/mcpu-430x/mmpy-16/libgcc.a(_udivmodhi4.o)
 .debug_info    0x000001c2       0xe1 /usr/lib/gcc/msp430/4.5.3/mcpu-430x/mmpy-16/libgcc.a(_divmodhi4.o)
 .debug_info    0x000002a3       0xe1 /usr/lib/gcc/msp430/4.5.3/mcpu-430x/mmpy-16/libgcc.a(_udivmodsi4.o)
 .debug_info    0x00000384       0xbd /usr/lib/gcc/msp430/4.5.3/../../../../msp430/lib/mcpu-430x/mmpy-16/libc.a(strncmp.o)
 .debug_info    0x00000441       0xe2 /usr/lib/gcc/msp430/4.5.3/../../../../msp430/lib/mcpu-430x/mmpy-16/libc.a(memcmp.o)
 .debug_info    0x00000523      0x113 /usr/lib/gcc/msp430/4.5.3/../../../../msp430/lib/mcpu-430x/mmpy-16/libc.a(memcpy.o)
 .debug_info    0x00000636      0x113 /usr/lib/gcc/msp430/4.5.3/../../../../msp430/lib/mcpu-430x/mmpy-16/libc.a(memmove.o)
 .debug_info    0x00000749       0xfe /usr/lib/gcc/msp430/4.5.3/../../../../msp430/lib/mcpu-430x/mmpy-16/libc.a(memset.o)
 .debug_info    0x00000847      0x103 /usr/lib/gcc/msp430/4.5.3/../../../../msp430/lib/mcpu-430x/mmpy-16/libc.a(printf.o)
 .debug_info    0x0000094a      0x277 /usr/lib/gcc/msp430/4.5.3/../../../../msp430/lib/mcpu-430x/mmpy-16/libc.a(sprintf.o)
 .debug_info    0x00000bc1      0x3b5 /usr/lib/gcc/msp430/4.5.3/../../../../msp430/lib/mcpu-430x/mmpy-16/libc.a(vuprintf.o)
 .debug_info    0x00000f76       0x96 /usr/lib/gcc/msp430/4.5.3/../../../../msp430/lib/mcpu-430x/mmpy-16/libc.a(puts.o)
 .debug_info    0x0000100c      0x137 /usr/lib/gcc/msp430/4.5.3/../../../../msp430/lib/mcpu-430x/mmpy-16/libc.a(rand.o)
 .debug_info    0x00001143       0xb9 /usr/lib/gcc/msp430/4.5.3/mcpu-430x/mmpy-16/libcrt0.a(__init_stack.o)
 .debug_info    0x000011fc       0xb9 /usr/lib/gcc/msp430/4.5.3/mcpu-430x/mmpy-16/libcrt0.a(__low_level_init.o)
 .debug_info    0x000012b5       0xb9 /usr/lib/gcc/msp430/4.5.3/mcpu-430x/mmpy-16/libcrt0.a(_copy_data.o)
 .debug_info    0x0000136e       0xb9 /usr/lib/gcc/msp430/4.5.3/mcpu-430x/mmpy-16/libcrt0.a(_clear_bss.o)
 .debug_info    0x00001427       0xb9 /usr/lib/gcc/msp430/4.5.3/mcpu-430x/mmpy-16/libcrt0.a(_endless_loop__.o)
 .debug_info    0x000014e0       0xb9 /usr/lib/gcc/msp430/4.5.3/mcpu-430x/mmpy-16/libcrt0.a(_unexpected_.o)
 *(.gnu.linkonce.wi.*)

.debug_abbrev   0x00000000      0x854
 *(.debug_abbrev)
 .debug_abbrev  0x00000000       0x14 /usr/lib/gcc/msp430/4.5.3/mcpu-430x/mmpy-16/libgcc.a(_mulsi3.o)
 .debug_abbrev  0x00000014       0x14 /usr/lib/gcc/msp430/4.5.3/mcpu-430x/mmpy-16/libgcc.a(_udivmodhi4.o)
 .debug_abbrev  0x00000028       0x14 /usr/lib/gcc/msp430/4.5.3/mcpu-430x/mmpy-16/libgcc.a(_divmodhi4.o)
 .debug_abbrev  0x0000003c       0x14 /usr/lib/gcc/msp430/4.5.3/mcpu-430x/mmpy-16/libgcc.a(_udivmodsi4.o)
 .debug_abbrev  0x00000050       0x6d /usr/lib/gcc/msp430/4.5.3/../../../../msp430/lib/mcpu-430x/mmpy-16/libc.a(strncmp.o)
 .debug_abbrev  0x000000bd       0x8a /usr/lib/gcc/msp430/4.5.3/../../../../msp430/lib/mcpu-430x/mmpy-16/libc.a(memcmp.o)
 .debug_abbrev  0x00000147       0x97 /usr/lib/gcc/msp430/4.5.3/../../../../msp430/lib/mcpu-430x/mmpy-16/libc.a(memcpy.o)
 .debug_abbrev  0x000001de       0x97 /usr/lib/gcc/msp430/4.5.3/../../../../msp430/lib/mcpu-430x/mmpy-16/libc.a(memmove.o)
 .debug_abbrev  0x00000275       0x8d /usr/lib/gcc/msp430/4.5.3/../../../../msp430/lib/mcpu-430x/mmpy-16/libc.a(memset.o)
 .debug_abbrev  0x00000302       0xce /usr/lib/gcc/msp430/4.5.3/../../../../msp430/lib/mcpu-430x/mmpy-16/libc.a(printf.o)
 .debug_abbrev  0x000003d0      0x105 /usr/lib/gcc/msp430/4.5.3/../../../../msp430/lib/mcpu-430x/mmpy-16/libc.a(sprintf.o)
 .debug_abbrev  0x000004d5      0x1cb /usr/lib/gcc/msp430/4.5.3/../../../../msp430/lib/mcpu-430x/mmpy-16/libc.a(vuprintf.o)
 .debug_abbrev  0x000006a0       0x60 /usr/lib/gcc/msp430/4.5.3/../../../../msp430/lib/mcpu-430x/mmpy-16/libc.a(puts.o)
 .debug_abbrev  0x00000700       0xdc /usr/lib/gcc/msp430/4.5.3/../../../../msp430/lib/mcpu-430x/mmpy-16/libc.a(rand.o)
 .debug_abbrev  0x000007dc       0x14 /usr/lib/gcc/msp430/4.5.3/mcpu-430x/mmpy-16/libcrt0.a(__init_stack.o)
 .debug_abbrev  0x000007f0       0x14 /usr/lib/gcc/msp430/4.5.3/mcpu-430x/mmpy-16/libcrt0.a(__low_level_init.o)
 .debug_abbrev  0x00000804       0x14 /usr/lib/gcc/msp430/4.5.3/mcpu-430x/mmpy-16/libcrt0.a(_copy_data.o)
 .debug_abbrev  0x00000818       0x14 /usr/lib/gcc/msp430/4.5.3/mcpu-430x/mmpy-16/libcrt0.a(_clear_bss.o)
 .debug_abbrev  0x0000082c       0x14 /usr/lib/gcc/msp430/4.5.3/mcpu-430x/mmpy-16/libcrt0.a(_endless_loop__.o)
 .debug_abbrev  0x00000840       0x14 /usr/lib/gcc/msp430/4.5.3/mcpu-430x/mmpy-16/libcrt0.a(_unexpected_.o)

.debug_line     0x00000000      0xc72
 *(.debug_line)
 .debug_line    0x00000000       0x9d /usr/lib/gcc/msp430/4.5.3/mcpu-430x/mmpy-16/libgcc.a(_mulsi3.o)
 .debug_line    0x0000009d       0x9a /usr/lib/gcc/msp430/4.5.3/mcpu-430x/mmpy-16/libgcc.a(_udivmodhi4.o)
 .debug_line    0x00000137       0xa5 /usr/lib/gcc/msp430/4.5.3/mcpu-430x/mmpy-16/libgcc.a(_divmodhi4.o)
 .debug_line    0x000001dc       0xa1 /usr/lib/gcc/msp430/4.5.3/mcpu-430x/mmpy-16/libgcc.a(_udivmodsi4.o)
 .debug_line    0x0000027d       0x76 /usr/lib/gcc/msp430/4.5.3/../../../../msp430/lib/mcpu-430x/mmpy-16/libc.a(strncmp.o)
 .debug_line    0x000002f3       0x7c /usr/lib/gcc/msp430/4.5.3/../../../../msp430/lib/mcpu-430x/mmpy-16/libc.a(memcmp.o)
 .debug_line    0x0000036f       0xf3 /usr/lib/gcc/msp430/4.5.3/../../../../msp430/lib/mcpu-430x/mmpy-16/libc.a(memcpy.o)
 .debug_line    0x00000462       0xf3 /usr/lib/gcc/msp430/4.5.3/../../../../msp430/lib/mcpu-430x/mmpy-16/libc.a(memmove.o)
 .debug_line    0x00000555       0xbd /usr/lib/gcc/msp430/4.5.3/../../../../msp430/lib/mcpu-430x/mmpy-16/libc.a(memset.o)
 .debug_line    0x00000612       0x72 /usr/lib/gcc/msp430/4.5.3/../../../../msp430/lib/mcpu-430x/mmpy-16/libc.a(printf.o)
 .debug_line    0x00000684       0x9c /usr/lib/gcc/msp430/4.5.3/../../../../msp430/lib/mcpu-430x/mmpy-16/libc.a(sprintf.o)
 .debug_line    0x00000720      0x198 /usr/lib/gcc/msp430/4.5.3/../../../../msp430/lib/mcpu-430x/mmpy-16/libc.a(vuprintf.o)
 .debug_line    0x000008b8       0x4d /usr/lib/gcc/msp430/4.5.3/../../../../msp430/lib/mcpu-430x/mmpy-16/libc.a(puts.o)
 .debug_line    0x00000905       0x52 /usr/lib/gcc/msp430/4.5.3/../../../../msp430/lib/mcpu-430x/mmpy-16/libc.a(rand.o)
 .debug_line    0x00000957       0x82 /usr/lib/gcc/msp430/4.5.3/mcpu-430x/mmpy-16/libcrt0.a(__init_stack.o)
 .debug_line    0x000009d9       0x84 /usr/lib/gcc/msp430/4.5.3/mcpu-430x/mmpy-16/libcrt0.a(__low_level_init.o)
 .debug_line    0x00000a5d       0x88 /usr/lib/gcc/msp430/4.5.3/mcpu-430x/mmpy-16/libcrt0.a(_copy_data.o)
 .debug_line    0x00000ae5       0x88 /usr/lib/gcc/msp430/4.5.3/mcpu-430x/mmpy-16/libcrt0.a(_clear_bss.o)
 .debug_line    0x00000b6d       0x83 /usr/lib/gcc/msp430/4.5.3/mcpu-430x/mmpy-16/libcrt0.a(_endless_loop__.o)
 .debug_line    0x00000bf0       0x82 /usr/lib/gcc/msp430/4.5.3/mcpu-430x/mmpy-16/libcrt0.a(_unexpected_.o)

.debug_frame    0x00000000      0x26a
 *(.debug_frame)
 .debug_frame   0x00000000       0x24 /usr/lib/gcc/msp430/4.5.3/../../../../msp430/lib/mcpu-430x/mmpy-16/libc.a(strncmp.o)
 .debug_frame   0x00000024       0x28 /usr/lib/gcc/msp430/4.5.3/../../../../msp430/lib/mcpu-430x/mmpy-16/libc.a(memcmp.o)
 .debug_frame   0x0000004c       0x32 /usr/lib/gcc/msp430/4.5.3/../../../../msp430/lib/mcpu-430x/mmpy-16/libc.a(memcpy.o)
 .debug_frame   0x0000007e       0x32 /usr/lib/gcc/msp430/4.5.3/../../../../msp430/lib/mcpu-430x/mmpy-16/libc.a(memmove.o)
 .debug_frame   0x000000b0       0x32 /usr/lib/gcc/msp430/4.5.3/../../../../msp430/lib/mcpu-430x/mmpy-16/libc.a(memset.o)
 .debug_frame   0x000000e2       0x2a /usr/lib/gcc/msp430/4.5.3/../../../../msp430/lib/mcpu-430x/mmpy-16/libc.a(printf.o)
 .debug_frame   0x0000010c       0x68 /usr/lib/gcc/msp430/4.5.3/../../../../msp430/lib/mcpu-430x/mmpy-16/libc.a(sprintf.o)
 .debug_frame   0x00000174       0x82 /usr/lib/gcc/msp430/4.5.3/../../../../msp430/lib/mcpu-430x/mmpy-16/libc.a(vuprintf.o)
 .debug_frame   0x000001f6       0x24 /usr/lib/gcc/msp430/4.5.3/../../../../msp430/lib/mcpu-430x/mmpy-16/libc.a(puts.o)
 .debug_frame   0x0000021a       0x50 /usr/lib/gcc/msp430/4.5.3/../../../../msp430/lib/mcpu-430x/mmpy-16/libc.a(rand.o)

.debug_str      0x00000000      0x37c
 *(.debug_str)
 .debug_str     0x00000000       0x9b /usr/lib/gcc/msp430/4.5.3/../../../../msp430/lib/mcpu-430x/mmpy-16/libc.a(strncmp.o)
                                 0xd4 (size before relaxing)
 .debug_str     0x0000009b       0x19 /usr/lib/gcc/msp430/4.5.3/../../../../msp430/lib/mcpu-430x/mmpy-16/libc.a(memcmp.o)
                                 0xd2 (size before relaxing)
 .debug_str     0x000000b4       0x34 /usr/lib/gcc/msp430/4.5.3/../../../../msp430/lib/mcpu-430x/mmpy-16/libc.a(memcpy.o)
                                 0xed (size before relaxing)
 .debug_str     0x000000e8       0x1b /usr/lib/gcc/msp430/4.5.3/../../../../msp430/lib/mcpu-430x/mmpy-16/libc.a(memmove.o)
                                 0xef (size before relaxing)
 .debug_str     0x00000103       0x26 /usr/lib/gcc/msp430/4.5.3/../../../../msp430/lib/mcpu-430x/mmpy-16/libc.a(memset.o)
                                 0xeb (size before relaxing)
 .debug_str     0x00000129       0x40 /usr/lib/gcc/msp430/4.5.3/../../../../msp430/lib/mcpu-430x/mmpy-16/libc.a(printf.o)
                                0x101 (size before relaxing)
 .debug_str     0x00000169       0x6e /usr/lib/gcc/msp430/4.5.3/../../../../msp430/lib/mcpu-430x/mmpy-16/libc.a(sprintf.o)
                                0x166 (size before relaxing)
 .debug_str     0x000001d7      0x161 /usr/lib/gcc/msp430/4.5.3/../../../../msp430/lib/mcpu-430x/mmpy-16/libc.a(vuprintf.o)
                                0x25d (size before relaxing)
 .debug_str     0x00000338       0x15 /usr/lib/gcc/msp430/4.5.3/../../../../msp430/lib/mcpu-430x/mmpy-16/libc.a(puts.o)
                                 0xc7 (size before relaxing)
 .debug_str     0x0000034d       0x2f /usr/lib/gcc/msp430/4.5.3/../../../../msp430/lib/mcpu-430x/mmpy-16/libc.a(rand.o)
                                 0xe6 (size before relaxing)

.debug_loc      0x00000000      0xb7d
 *(.debug_loc)
 .debug_loc     0x00000000       0x63 /usr/lib/gcc/msp430/4.5.3/../../../../msp430/lib/mcpu-430x/mmpy-16/libc.a(strncmp.o)
 .debug_loc     0x00000063       0x59 /usr/lib/gcc/msp430/4.5.3/../../../../msp430/lib/mcpu-430x/mmpy-16/libc.a(memcmp.o)
 .debug_loc     0x000000bc      0x1d6 /usr/lib/gcc/msp430/4.5.3/../../../../msp430/lib/mcpu-430x/mmpy-16/libc.a(memcpy.o)
 .debug_loc     0x00000292      0x1d6 /usr/lib/gcc/msp430/4.5.3/../../../../msp430/lib/mcpu-430x/mmpy-16/libc.a(memmove.o)
 .debug_loc     0x00000468       0xeb /usr/lib/gcc/msp430/4.5.3/../../../../msp430/lib/mcpu-430x/mmpy-16/libc.a(memset.o)
 .debug_loc     0x00000553       0x24 /usr/lib/gcc/msp430/4.5.3/../../../../msp430/lib/mcpu-430x/mmpy-16/libc.a(printf.o)
 .debug_loc     0x00000577       0xeb /usr/lib/gcc/msp430/4.5.3/../../../../msp430/lib/mcpu-430x/mmpy-16/libc.a(sprintf.o)
 .debug_loc     0x00000662      0x49c /usr/lib/gcc/msp430/4.5.3/../../../../msp430/lib/mcpu-430x/mmpy-16/libc.a(vuprintf.o)
 .debug_loc     0x00000afe       0x2d /usr/lib/gcc/msp430/4.5.3/../../../../msp430/lib/mcpu-430x/mmpy-16/libc.a(puts.o)
 .debug_loc     0x00000b2b       0x52 /usr/lib/gcc/msp430/4.5.3/../../../../msp430/lib/mcpu-430x/mmpy-16/libc.a(rand.o)

.debug_macinfo
 *(.debug_macinfo)

.debug_pubtypes
                0x00000000      0x19f
 *(.debug_pubtypes)
 .debug_pubtypes
                0x00000000       0x1d /usr/lib/gcc/msp430/4.5.3/../../../../msp430/lib/mcpu-430x/mmpy-16/libc.a(strncmp.o)
 .debug_pubtypes
                0x0000001d       0x1d /usr/lib/gcc/msp430/4.5.3/../../../../msp430/lib/mcpu-430x/mmpy-16/libc.a(memcmp.o)
 .debug_pubtypes
                0x0000003a       0x26 /usr/lib/gcc/msp430/4.5.3/../../../../msp430/lib/mcpu-430x/mmpy-16/libc.a(memcpy.o)
 .debug_pubtypes
                0x00000060       0x26 /usr/lib/gcc/msp430/4.5.3/../../../../msp430/lib/mcpu-430x/mmpy-16/libc.a(memmove.o)
 .debug_pubtypes
                0x00000086       0x32 /usr/lib/gcc/msp430/4.5.3/../../../../msp430/lib/mcpu-430x/mmpy-16/libc.a(memset.o)
 .debug_pubtypes
                0x000000b8       0x31 /usr/lib/gcc/msp430/4.5.3/../../../../msp430/lib/mcpu-430x/mmpy-16/libc.a(printf.o)
 .debug_pubtypes
                0x000000e9       0x3c /usr/lib/gcc/msp430/4.5.3/../../../../msp430/lib/mcpu-430x/mmpy-16/libc.a(sprintf.o)
 .debug_pubtypes
                0x00000125       0x56 /usr/lib/gcc/msp430/4.5.3/../../../../msp430/lib/mcpu-430x/mmpy-16/libc.a(vuprintf.o)
 .debug_pubtypes
                0x0000017b       0x12 /usr/lib/gcc/msp430/4.5.3/../../../../msp430/lib/mcpu-430x/mmpy-16/libc.a(puts.o)
 .debug_pubtypes
                0x0000018d       0x12 /usr/lib/gcc/msp430/4.5.3/../../../../msp430/lib/mcpu-430x/mmpy-16/libc.a(rand.o)

.debug_ranges   0x00000000        0xc
 *(.debug_ranges)
 .debug_ranges  0x00000000        0xc /usr/lib/gcc/msp430/4.5.3/../../../../msp430/lib/mcpu-430x/mmpy-16/libc.a(vuprintf.o)
                0x00003100                PROVIDE (__stack, (ORIGIN (ram) + 0x2000))
                0x0000ed24                PROVIDE (__data_start_rom, _etext)
                0x0000ee18                PROVIDE (__data_end_rom, (_etext + SIZEOF (.data)))
OUTPUT(udp-seatoccp.z1 elf32-msp430)
